 OleDBThread

 Timestamp is 41ef49e1 (Thu Jan 20 15:04:17 2005)

 Preferred load address is 50000000

 Start         Length     Name                   Class
 0001:00000000 00029570H .text                   CODE
 0001:00029570 00000168H .text$x                 CODE
 0002:00000000 00000244H .idata$5                DATA
 0002:00000250 00006b4aH .rdata                  DATA
 0002:00006d9c 00000051H .rdata$debug            DATA
 0002:00006df0 00000004H .rtc$IAA                DATA
 0002:00006df4 00000024H .rtc$IMZ                DATA
 0002:00006e18 00000004H .rtc$IZZ                DATA
 0002:00006e1c 00000004H .rtc$TAA                DATA
 0002:00006e20 00000024H .rtc$TMZ                DATA
 0002:00006e44 00000004H .rtc$TZZ                DATA
 0002:00006e48 00000160H .xdata$x                DATA
 0002:00006fa8 000000a0H .idata$2                DATA
 0002:00007048 00000014H .idata$3                DATA
 0002:0000705c 00000244H .idata$4                DATA
 0002:000072a0 000009d4H .idata$6                DATA
 0002:00007c80 000000a8H .edata                  DATA
 0003:00000000 00000004H .CRT$XCA                DATA
 0003:00000004 00000004H .CRT$XCAA               DATA
 0003:00000008 00000004H .CRT$XCZ                DATA
 0003:0000000c 00000004H .CRT$XIA                DATA
 0003:00000010 0000000cH .CRT$XIC                DATA
 0003:0000001c 00000004H .CRT$XIY                DATA
 0003:00000020 00000004H .CRT$XIZ                DATA
 0003:00000024 00000004H .CRT$XPA                DATA
 0003:00000028 00000004H .CRT$XPX                DATA
 0003:0000002c 00000004H .CRT$XPZ                DATA
 0003:00000030 00000004H .CRT$XTA                DATA
 0003:00000034 00000004H .CRT$XTB                DATA
 0003:00000038 00000004H .CRT$XTZ                DATA
 0003:00000040 00000c50H .data                   DATA
 0003:00000ca0 00001964H .bss                    DATA
 0004:00000000 00000058H .rsrc$01                DATA
 0004:00000060 00000460H .rsrc$02                DATA

  Address         Publics by Value              Rva+Base     Lib:Object

 0000:00000000       ___safe_se_handler_count   00000000     <absolute>
 0000:00000000       __except_list              00000000     <absolute>
 0000:00000000       ___safe_se_handler_table   00000000     <absolute>
 0001:00000000       ??0CFOleDBThread@@QAE@XZ   50001000 f   Factory.obj
 0001:00000060       ??0IClassFactory@@QAE@XZ   50001060 f i Factory.obj
 0001:000000b0       ??0IUnknown@@QAE@XZ        500010b0 f i Factory.obj
 0001:000000e0       ??1CFOleDBThread@@QAE@XZ   500010e0 f   Factory.obj
 0001:00000120       ?QueryInterface@CFOleDBThread@@UAGJABU_GUID@@PAPAX@Z 50001120 f   Factory.obj
 0001:000001c0       _==                        500011c0 f i Factory.obj
 0001:00000210       _IsEqualGUID               50001210 f i Factory.obj
 0001:00000260       ?AddRef@CFOleDBThread@@UAGKXZ 50001260 f   Factory.obj
 0001:000002a0       ?Release@CFOleDBThread@@UAGKXZ 500012a0 f   Factory.obj
 0001:00000330       ??_GCFOleDBThread@@QAEPAXI@Z 50001330 f i Factory.obj
 0001:00000390       ?CreateInstance@CFOleDBThread@@UAGJPAUIUnknown@@ABU_GUID@@PAPAX@Z 50001390 f   Factory.obj
 0001:000004e0       ??_GCOleDBThreadCls@@QAEPAXI@Z 500014e0 f i Factory.obj
 0001:00000540       ?LockServer@CFOleDBThread@@UAGJH@Z 50001540 f   Factory.obj
 0001:00000570       ?OLEDBExcuteThread@@YGKPAX@Z 50001570 f   OleDBThread.obj
 0001:000005c0       ??0COleDBThread@@QAE@PAUDB_INITIALIZE_DESC@@PAVCOleDBThreadCls@@@Z 500015c0 f   OleDBThread.obj
 0001:00000720       ?Initialize@COleDBThread@@QAEHPAG000H@Z 50001720 f   OleDBThread.obj
 0001:00000cd0       ?Initialize@COleDBThread@@QAEHPAG000HHH@Z 50001cd0 f   OleDBThread.obj
 0001:000013f0       ?ChangeDB@COleDBThread@@QAEHPAG@Z 500023f0 f   OleDBThread.obj
 0001:00001550       ?OpenRecordEx@COleDBThread@@QAEPAUDBRECEIVEDATA@@PAGKK@Z 50002550 f   OleDBThread.obj
 0001:00001e00       ?GetColumnInfo@COleDBThread@@QAEPAUtagDBCOLUMNINFO@@PAGPAK@Z 50002e00 f   OleDBThread.obj
 0001:00001fd0       ?OpenRecordExForThread@COleDBThread@@QAEPAUDBRECEIVEDATA@@PAGKK@Z 50002fd0 f   OleDBThread.obj
 0001:00002830       ?GetOutputMsgPool@COleDBThreadCls@@QAEPAVCThreadSafeStaticMemPool@@XZ 50003830 f i OleDBThread.obj
 0001:00002870       ?GetBindingPool@COleDBThreadCls@@QAEPAVCThreadSafeStaticMemPool@@XZ 50003870 f i OleDBThread.obj
 0001:000028b0       ?GetResultPool@COleDBThreadCls@@QAEPAVCThreadSafeStaticMemPool@@XZ 500038b0 f i OleDBThread.obj
 0001:000028f0       ?ReleaseRecordset@COleDBThread@@QAEHPAUDBRECEIVEDATA@@@Z 500038f0 f   OleDBThread.obj
 0001:00002990       ?OpenRecord@COleDBThread@@QAEHPAGPAXK@Z 50003990 f   OleDBThread.obj
 0001:000030e0       ?QueryDBCatalog@COleDBThread@@QAEHPAUDBSCHEMA@@K@Z 500040e0 f   OleDBThread.obj
 0001:00003650       ?QueryDBTable@COleDBThread@@QAEHPAUDBSCHEMA@@K@Z 50004650 f   OleDBThread.obj
 0001:00003c50       ?GetData@COleDBThread@@QAEHPAXPAUDBRECEIVEDATA@@KG@Z 50004c50 f   OleDBThread.obj
 0001:00003ce0       ?ExecuteSQL@COleDBThread@@QAEHPAG@Z 50004ce0 f   OleDBThread.obj
 0001:00003dc0       ?CreateParamInfo@COleDBThread@@QAEPAUtagDBBINDING@@G@Z 50004dc0 f   OleDBThread.obj
 0001:00003f20       ?ReleaseParamInfo@COleDBThread@@QAEHPAUtagDBBINDING@@@Z 50004f20 f   OleDBThread.obj
 0001:00003f80       ?ExecuteSQLByParam@COleDBThread@@QAEHPAGPAUtagDBBINDING@@PAXE@Z 50004f80 f   OleDBThread.obj
 0001:00004230       ?GetBLOBData@COleDBThread@@QAEHPAG00PAXK@Z 50005230 f   OleDBThread.obj
 0001:00004b70       ?GetBLOBData@COleDBThread@@QAEHPAG000K@Z 50005b70 f   OleDBThread.obj
 0001:00004d10       ?SetBLOBData@COleDBThread@@QAEHPAG000@Z 50005d10 f   OleDBThread.obj
 0001:00004ee0       ?SetBLOBData@COleDBThread@@QAEHPAG00PAXK@Z 50005ee0 f   OleDBThread.obj
 0001:00005a00       ?ErrorDisplay@COleDBThread@@QAEXJ@Z 50006a00 f   OleDBThread.obj
 0001:00005e60       ?ErrorDisplayEx@COleDBThread@@QAEXJPAG@Z 50006e60 f   OleDBThread.obj
 0001:000062c0       ??1COleDBThread@@QAE@XZ    500072c0 f   OleDBThread.obj
 0001:000064d0       ?GetExcuteEndEvent@COleDBThread@@IAEPAXXZ 500074d0 f i OleDBThread.obj
 0001:00006510       ?GetExcuteThreadHandle@COleDBThread@@IAEPAXXZ 50007510 f i OleDBThread.obj
 0001:00006540       ??_GCThreadSafeStaticMemPool@@QAEPAXI@Z 50007540 f i OleDBThread.obj
 0001:000065a0       ?SetCommandExecute@COleDBThread@@QAEJPAGEPAPAUIRowsetChange@@PAPAUIRowset@@PAUtagDBPARAMS@@HPAJ@Z 500075a0 f   OleDBThread.obj
 0001:00006800       ?GetExcuteEvent@COleDBThread@@IAEPAXXZ 50007800 f i OleDBThread.obj
 0001:00006840       ?SetExcuteInit@COleDBThread@@IAEXXZ 50007840 f i OleDBThread.obj
 0001:00006880       ?OleDBExecuteThreadFunc@COleDBThread@@QAEKXZ 50007880 f   OleDBThread.obj
 0001:00006b40       ?GetExcuteType@COleDBThread@@IAEEXZ 50007b40 f i OleDBThread.obj
 0001:00006b70       ?GetCommandTimeOutTime@COleDBThread@@IAEKXZ 50007b70 f i OleDBThread.obj
 0001:00006ba0       ?GetCommandText@COleDBThread@@IAEPAUICommandText@@XZ 50007ba0 f i OleDBThread.obj
 0001:00006bd0       ?OLEDBThread@@YGKPAX@Z     50007bd0 f   OleDBThreadCls.obj
 0001:00006c20       ?InformInputQueryThreadAPC@@YGXK@Z 50007c20 f   OleDBThreadCls.obj
 0001:00006c50       ?QueryInterface@COleDBThreadCls@@UAGJABU_GUID@@PAPAX@Z 50007c50 f   OleDBThreadCls.obj
 0001:00006cf0       ?AddRef@COleDBThreadCls@@UAGKXZ 50007cf0 f   OleDBThreadCls.obj
 0001:00006d30       ?Release@COleDBThreadCls@@UAGKXZ 50007d30 f   OleDBThreadCls.obj
 0001:00006dc0       ??0COleDBThreadCls@@QAE@XZ 50007dc0 f   OleDBThreadCls.obj
 0001:00006ed0       ?SetDBResultEvent@COleDBThreadCls@@UAGXPAX@Z 50007ed0 f i OleDBThreadCls.obj
 0001:00006f00       ?GetOLEDBSize@COleDBThreadCls@@UAGKXZ 50007f00 f i OleDBThreadCls.obj
 0001:00006f30       ??0IOleDBThread@@QAE@XZ    50007f30 f i OleDBThreadCls.obj
 0001:00006f80       ??1COleDBThreadCls@@QAE@XZ 50007f80 f   OleDBThreadCls.obj
 0001:00007290       ??_GCOleDBThread@@QAEPAXI@Z 50008290 f i OleDBThreadCls.obj
 0001:000072f0       ??_GCMsgQueue@@QAEPAXI@Z   500082f0 f i OleDBThreadCls.obj
 0001:00007350       ?KSCToUnicode@COleDBThreadCls@@UAGHPBDPAG@Z 50008350 f   OleDBThreadCls.obj
 0001:00007410       ?UnicodeToKSC@COleDBThreadCls@@UAGHPAGPADH@Z 50008410 f   OleDBThreadCls.obj
 0001:00007490       ?THIgnoreQueryInput@COleDBThreadCls@@UAGXXZ 50008490 f   OleDBThreadCls.obj
 0001:000074d0       ?ProtectInputMessage@COleDBThreadCls@@QAEXH@Z 500084d0 f i OleDBThreadCls.obj
 0001:00007510       ?THAcceptQueryInput@COleDBThreadCls@@UAGXXZ 50008510 f   OleDBThreadCls.obj
 0001:00007550       ?CheckSafeIndex@COleDBThreadCls@@QAEHE@Z 50008550 f   OleDBThreadCls.obj
 0001:000075b0       ?SetDefaultDBIndex@COleDBThreadCls@@UAGHE@Z 500085b0 f   OleDBThreadCls.obj
 0001:00007610       ?GetDefaultDBIndex@COleDBThreadCls@@UAGEXZ 50008610 f   OleDBThreadCls.obj
 0001:00007650       ?InitDBModule@COleDBThreadCls@@UAGHPAUDB_INITIALIZE_DESC@@@Z 50008650 f   OleDBThreadCls.obj
 0001:00007bb0       ?CreateDBConnection@COleDBThreadCls@@UAGHXZ 50008bb0 f   OleDBThreadCls.obj
 0001:00007cb0       ?ReleaseDBConnectionForSingleThread@COleDBThreadCls@@UAGHE@Z 50008cb0 f   OleDBThreadCls.obj
 0001:00007df0       ?Connect@COleDBThreadCls@@UAGHPBD000HHHE@Z 50008df0 f   OleDBThreadCls.obj
 0001:00007ff0       ?Connect@COleDBThreadCls@@UAGHPBD000HE@Z 50008ff0 f   OleDBThreadCls.obj
 0001:000081e0       ?ExecuteSQL@COleDBThreadCls@@UAGHPADE@Z 500091e0 f   OleDBThreadCls.obj
 0001:000082c0       ?ExecuteSQLByParam@COleDBThreadCls@@UAGHPADPAUtagDBBINDING@@PAXEE@Z 500092c0 f   OleDBThreadCls.obj
 0001:000083b0       ?CreateParamInfo@COleDBThreadCls@@UAGPAUtagDBBINDING@@GE@Z 500093b0 f   OleDBThreadCls.obj
 0001:00008420       ?ReleaseParamInfo@COleDBThreadCls@@UAGHPAUtagDBBINDING@@E@Z 50009420 f   OleDBThreadCls.obj
 0001:00008490       ?THCreateParamInfo@COleDBThreadCls@@UAGPAUtagDBBINDING@@G@Z 50009490 f   OleDBThreadCls.obj
 0001:000085e0       ?GetParamPool@COleDBThreadCls@@QAEPAVCThreadSafeStaticMemPool@@XZ 500095e0 f i OleDBThreadCls.obj
 0001:00008620       ?THReleaseParamInfo@COleDBThreadCls@@QAEXPAUtagDBBINDING@@@Z 50009620 f   OleDBThreadCls.obj
 0001:00008690       ?OpenRecord@COleDBThreadCls@@UAGHPADPAXKE@Z 50009690 f   OleDBThreadCls.obj
 0001:00008780       ?OpenRecordEx@COleDBThreadCls@@UAGPAUDBRECEIVEDATA@@PADKKE@Z 50009780 f   OleDBThreadCls.obj
 0001:00008870       ?GetColumnInfo@COleDBThreadCls@@UAGPAUtagDBCOLUMNINFO@@PADPAKE@Z 50009870 f   OleDBThreadCls.obj
 0001:00008960       ?GetData@COleDBThreadCls@@UAGHPAXPAUDBRECEIVEDATA@@KGE@Z 50009960 f   OleDBThreadCls.obj
 0001:000089e0       ?ReleaseRecordset@COleDBThreadCls@@UAGHPAUDBRECEIVEDATA@@E@Z 500099e0 f   OleDBThreadCls.obj
 0001:00008a50       ?GetBLOBData@COleDBThreadCls@@UAGHPAD00PAXKE@Z 50009a50 f   OleDBThreadCls.obj
 0001:00008bf0       ?GetBLOBData@COleDBThreadCls@@UAGHPAD000KE@Z 50009bf0 f   OleDBThreadCls.obj
 0001:00008de0       ?SetBLOBData@COleDBThreadCls@@UAGHPAD00PAXKE@Z 50009de0 f   OleDBThreadCls.obj
 0001:00008f80       ?SetBLOBData@COleDBThreadCls@@UAGHPAD000E@Z 50009f80 f   OleDBThreadCls.obj
 0001:00009170       ?ChangeDB@COleDBThreadCls@@UAGHPADE@Z 5000a170 f   OleDBThreadCls.obj
 0001:00009250       ?QueryDBCatalog@COleDBThreadCls@@UAGHPAUDBSCHEMA@@KE@Z 5000a250 f   OleDBThreadCls.obj
 0001:000092c0       ?QueryDBTable@COleDBThreadCls@@UAGHPAUDBSCHEMA@@KE@Z 5000a2c0 f   OleDBThreadCls.obj
 0001:00009330       ?THOpenRecord@COleDBThreadCls@@UAGXPADKPAXKE@Z 5000a330 f   OleDBThreadCls.obj
 0001:00009490       ?GetInputMsgPool@COleDBThreadCls@@QAEPAVCThreadSafeStaticMemPool@@XZ 5000a490 f i OleDBThreadCls.obj
 0001:000094d0       ?THExecuteSQL@COleDBThreadCls@@UAGXPADEKPAXE@Z 5000a4d0 f   OleDBThreadCls.obj
 0001:00009620       ?THExecuteSQLByParam@COleDBThreadCls@@UAGXPADPAUtagDBBINDING@@PAXKEEK2E@Z 5000a620 f   OleDBThreadCls.obj
 0001:000097d0       ?THChangeDB@COleDBThreadCls@@UAGHPADEKE@Z 5000a7d0 f   OleDBThreadCls.obj
 0001:000098c0       ?GetDBResult@COleDBThreadCls@@UAGXXZ 5000a8c0 f   OleDBThreadCls.obj
 0001:00009a10       ?GetDBResultEvent@COleDBThreadCls@@QAEPAXXZ 5000aa10 f i OleDBThreadCls.obj
 0001:00009a40       ?GetOutputMsgQueue@COleDBThreadCls@@QBEPAVCMsgQueue@@XZ 5000aa40 f i OleDBThreadCls.obj
 0001:00009a80       ?FreeResultMessage@COleDBThreadCls@@UAGXPAUDBRECEIVEDATA@@@Z 5000aa80 f   OleDBThreadCls.obj
 0001:00009ad0       ?THReleaseRecordset@COleDBThreadCls@@UAGHPAUDBRECEIVEDATA@@@Z 5000aad0 f   OleDBThreadCls.obj
 0001:00009b60       ?SetPerformanceReport@COleDBThreadCls@@UAGXH@Z 5000ab60 f   OleDBThreadCls.obj
 0001:00009b90       ?PostDBMessage@COleDBThreadCls@@QAEHPAUDBCommandMsg@@@Z 5000ab90 f   OleDBThreadCls.obj
 0001:00009c40       ?GetInputMsgQueue@COleDBThreadCls@@QBEPAVCMsgQueue@@XZ 5000ac40 f i OleDBThreadCls.obj
 0001:00009c80       ?SwitchInputQueue@COleDBThreadCls@@QAEXXZ 5000ac80 f   OleDBThreadCls.obj
 0001:00009cd0       ?SwitchOutputQueue@COleDBThreadCls@@QAEXXZ 5000acd0 f   OleDBThreadCls.obj
 0001:00009d20       ?OutputMessage@COleDBThreadCls@@QAEXPAD@Z 5000ad20 f   OleDBThreadCls.obj
 0001:00009d70       ?OutputReport@COleDBThreadCls@@QAEXPAD@Z 5000ad70 f   OleDBThreadCls.obj
 0001:00009dc0       ?CheckSafeIndexChk@COleDBThreadCls@@QAEHE@Z 5000adc0 f   OleDBThreadCls.obj
 0001:00009e20       ?GetResultIndex@COleDBThreadCls@@QAEGE@Z 5000ae20 f   OleDBThreadCls.obj
 0001:00009e90       ?InformDBInput@COleDBThreadCls@@QAEXXZ 5000ae90 f   OleDBThreadCls.obj
 0001:00009ef0       ?InformDBOutput@COleDBThreadCls@@QAEXPAUDBRECEIVEDATA@@@Z 5000aef0 f   OleDBThreadCls.obj
 0001:00009f90       ?ProcessSelectQuery@COleDBThreadCls@@AAEXPAUDBCommandMsg@@@Z 5000af90 f   OleDBThreadCls.obj
 0001:0000a130       ?GetConnection@COleDBThreadCls@@QAEPAVCOleDBThread@@E@Z 5000b130 f i OleDBThreadCls.obj
 0001:0000a170       ?ProcessExecuteQuery@COleDBThreadCls@@AAEXPAUDBCommandMsg@@@Z 5000b170 f   OleDBThreadCls.obj
 0001:0000a330       ?ProcessExecuteWithParamQuery@COleDBThreadCls@@AAEXPAUDBCommandMsg@@@Z 5000b330 f   OleDBThreadCls.obj
 0001:0000a520       ?ProcessChangeDBQuery@COleDBThreadCls@@AAEXPAUDBCommandMsg@@@Z 5000b520 f   OleDBThreadCls.obj
 0001:0000a6c0       ?OleDBThreadFunc@COleDBThreadCls@@QAEKXZ 5000b6c0 f   OleDBThreadCls.obj
 0001:0000a9f0       ?GetDBKillEvent@COleDBThreadCls@@QAEPAXXZ 5000b9f0 f i OleDBThreadCls.obj
 0001:0000aa20       _DllMain@12                5000ba20 f   OleDBThreadNew.obj
 0001:0000aab0       _DllGetClassObject@12      5000bab0 f   OleDBThreadNew.obj
 0001:0000aba0       _DllCanUnloadNow@0         5000bba0 f   OleDBThreadNew.obj
 0001:0000abe0       _DllRegisterServer@0       5000bbe0 f   OleDBThreadNew.obj
 0001:0000ada0       _DllUnregisterServer@0     5000bda0 f   OleDBThreadNew.obj
 0001:0000af90       ?SetRegKeyValue@@YAHPAD00@Z 5000bf90 f   OleDBThreadNew.obj
 0001:0000b100       ?AddRef@CSeqStream@@UAGKXZ 5000c100 f   SeqStream.obj
 0001:0000b140       ?Release@CSeqStream@@UAGKXZ 5000c140 f   SeqStream.obj
 0001:0000b1f0       ?QueryInterface@CSeqStream@@UAGJABU_GUID@@PAPAX@Z 5000c1f0 f   SeqStream.obj
 0001:0000b2a0       ??0CSeqStream@@QAE@XZ      5000c2a0 f   SeqStream.obj
 0001:0000b320       ?Length@CSeqStream@@UAEKXZ 5000c320 f i SeqStream.obj
 0001:0000b350       ??BCSeqStream@@UAEQAXXZ    5000c350 f i SeqStream.obj
 0001:0000b380       ??_GCSeqStream@@UAEPAXI@Z  5000c380 f i SeqStream.obj
 0001:0000b380       ??_ECSeqStream@@UAEPAXI@Z  5000c380 f i SeqStream.obj
 0001:0000b3e0       ??0ISequentialStream@@QAE@XZ 5000c3e0 f i SeqStream.obj
 0001:0000b430       ??1CSeqStream@@UAE@XZ      5000c430 f   SeqStream.obj
 0001:0000b490       ?Seek@CSeqStream@@UAEHK@Z  5000c490 f   SeqStream.obj
 0001:0000b4d0       ?Clear@CSeqStream@@UAEHXZ  5000c4d0 f   SeqStream.obj
 0001:0000b540       ?CompareData@CSeqStream@@UAEHPAX@Z 5000c540 f   SeqStream.obj
 0001:0000b5a0       ?Read@CSeqStream@@UAGJPAXKPAK@Z 5000c5a0 f   SeqStream.obj
 0001:0000b690       ?Write@CSeqStream@@UAGJPBXKPAK@Z 5000c690 f   SeqStream.obj
 0001:0000b750       ?ExceptionFilter@@YGJPAU_EXCEPTION_POINTERS@@@Z 5000c750 f   ExceptionFilter.obj
 0001:0000bd10       ??0CThreadSafeStaticMemPool@@QAE@HKK@Z 5000cd10 f   TSMemPool.obj
 0001:0000bdb0       ??0CSpinLock@@QAE@XZ       5000cdb0 f i TSMemPool.obj
 0001:0000bdf0       ??1CThreadSafeStaticMemPool@@QAE@XZ 5000cdf0 f   TSMemPool.obj
 0001:0000be60       ??1CSpinLock@@QAE@XZ       5000ce60 f i TSMemPool.obj
 0001:0000be90       ?Alloc@CThreadSafeStaticMemPool@@QAEPAXXZ 5000ce90 f   TSMemPool.obj
 0001:0000bf40       ?Lock@CSpinLock@@QAEXXZ    5000cf40 f i TSMemPool.obj
 0001:0000bfa0       ?Unlock@CSpinLock@@QAEXXZ  5000cfa0 f i TSMemPool.obj
 0001:0000bff0       ?Free@CThreadSafeStaticMemPool@@QAEXPAX@Z 5000cff0 f   TSMemPool.obj
 0001:0000c060       ??0CMsgQueue@@QAE@K@Z      5000d060 f   DBMsgQueue.obj
 0001:0000c1c0       ??1CMsgQueue@@QAE@XZ       5000d1c0 f   DBMsgQueue.obj
 0001:0000c2b0       ??_GCMsgQueueUnit@@QAEPAXI@Z 5000d2b0 f i DBMsgQueue.obj
 0001:0000c310       ?SwitchQueues@CMsgQueue@@QAEXXZ 5000d310 f   DBMsgQueue.obj
 0001:0000c370       ?AddTail@CMsgQueue@@QAEPAXPAX@Z 5000d370 f   DBMsgQueue.obj
 0001:0000c3e0       ?GetForegroundQueue@CMsgQueue@@AAEPAVCMsgQueueUnit@@XZ 5000d3e0 f i DBMsgQueue.obj
 0001:0000c420       ?GetCount@CMsgQueue@@QAEHH@Z 5000d420 f   DBMsgQueue.obj
 0001:0000c4b0       ?GetCount@CMsgQueueUnit@@QBEHXZ 5000d4b0 f i DBMsgQueue.obj
 0001:0000c4e0       ?GetBackgroundQueue@CMsgQueue@@AAEPAVCMsgQueueUnit@@XZ 5000d4e0 f i DBMsgQueue.obj
 0001:0000c520       ?IsEmpty@CMsgQueue@@QAEHH@Z 5000d520 f   DBMsgQueue.obj
 0001:0000c570       ?RemoveAll@CMsgQueue@@QAEXXZ 5000d570 f   DBMsgQueue.obj
 0001:0000c5c0       ?GetHeadPosition@CMsgQueue@@QAEPAXXZ 5000d5c0 f   DBMsgQueue.obj
 0001:0000c610       ?GetHeadPosition@CMsgQueueUnit@@QBEPAXXZ 5000d610 f i DBMsgQueue.obj
 0001:0000c640       ?GetNext@CMsgQueue@@QAEPAXAAPAX@Z 5000d640 f   DBMsgQueue.obj
 0001:0000c690       ??0CMsgQueueUnit@@QAE@K@Z  5000d690 f   SimpleVoidList.obj
 0001:0000c790       ??1CMsgQueueUnit@@QAE@XZ   5000d790 f   SimpleVoidList.obj
 0001:0000c810       ?NewNode@CMsgQueueUnit@@AAEPAU__CNode@@PAU2@0@Z 5000d810 f   SimpleVoidList.obj
 0001:0000c890       ?FreeNode@CMsgQueueUnit@@AAEXPAU__CNode@@@Z 5000d890 f   SimpleVoidList.obj
 0001:0000c8f0       ?AddTail@CMsgQueueUnit@@QAEPAXPAX@Z 5000d8f0 f   SimpleVoidList.obj
 0001:0000c970       ?RemoveAll@CMsgQueueUnit@@QAEXXZ 5000d970 f   SimpleVoidList.obj
 0001:0000ca00       ?GetNext@CMsgQueueUnit@@QBEPAXAAPAX@Z 5000da00 f   SimpleVoidList.obj
 0001:0000ca4e       _timeGetTime@0             5000da4e f   winmm:WINMM.dll
 0001:0000ca54       _OutputDebugStringW@4      5000da54 f   kernel32:KERNEL32.dll
 0001:0000ca5a       _CreateEventA@16           5000da5a f   kernel32:KERNEL32.dll
 0001:0000ca60       _CloseHandle@4             5000da60 f   kernel32:KERNEL32.dll
 0001:0000ca66       _WriteFile@20              5000da66 f   kernel32:KERNEL32.dll
 0001:0000ca6c       _CreateFileW@28            5000da6c f   kernel32:KERNEL32.dll
 0001:0000ca72       _ReadFile@20               5000da72 f   kernel32:KERNEL32.dll
 0001:0000ca78       _GetFileSize@8             5000da78 f   kernel32:KERNEL32.dll
 0001:0000ca7e       _WideCharToMultiByte@32    5000da7e f   kernel32:KERNEL32.dll
 0001:0000ca84       _GetUserDefaultLCID@0      5000da84 f   kernel32:KERNEL32.dll
 0001:0000ca8a       _WaitForSingleObject@8     5000da8a f   kernel32:KERNEL32.dll
 0001:0000ca90       _SetEvent@4                5000da90 f   kernel32:KERNEL32.dll
 0001:0000ca96       _MultiByteToWideChar@24    5000da96 f   kernel32:KERNEL32.dll
 0001:0000ca9c       _QueueUserAPC@12           5000da9c f   kernel32:KERNEL32.dll
 0001:0000caa2       _GetTickCount@0            5000daa2 f   kernel32:KERNEL32.dll
 0001:0000caa8       _WaitForSingleObjectEx@12  5000daa8 f   kernel32:KERNEL32.dll
 0001:0000caae       _DeleteCriticalSection@4   5000daae f   kernel32:KERNEL32.dll
 0001:0000cab4       _InitializeCriticalSection@4 5000dab4 f   kernel32:KERNEL32.dll
 0001:0000caba       _lstrcatA@8                5000daba f   kernel32:KERNEL32.dll
 0001:0000cac0       _lstrcpyA@8                5000dac0 f   kernel32:KERNEL32.dll
 0001:0000cac6       _GetModuleFileNameA@12     5000dac6 f   kernel32:KERNEL32.dll
 0001:0000cacc       _lstrlenA@4                5000dacc f   kernel32:KERNEL32.dll
 0001:0000cad2       _GetLastError@0            5000dad2 f   kernel32:KERNEL32.dll
 0001:0000cad8       _GetCurrentThread@0        5000dad8 f   kernel32:KERNEL32.dll
 0001:0000cade       _GetCurrentThreadId@0      5000dade f   kernel32:KERNEL32.dll
 0001:0000cae4       _GetCurrentProcessId@0     5000dae4 f   kernel32:KERNEL32.dll
 0001:0000caea       _LeaveCriticalSection@4    5000daea f   kernel32:KERNEL32.dll
 0001:0000caf0       _GetCurrentProcess@0       5000daf0 f   kernel32:KERNEL32.dll
 0001:0000caf6       _EnterCriticalSection@4    5000daf6 f   kernel32:KERNEL32.dll
 0001:0000cafc       _InterlockedCompareExchange@12 5000dafc f   kernel32:KERNEL32.dll
 0001:0000cb02       _InterlockedExchange@8     5000db02 f   kernel32:KERNEL32.dll
 0001:0000cb08       _MessageBoxW@16            5000db08 f   user32:USER32.dll
 0001:0000cb0e       _GetActiveWindow@0         5000db0e f   user32:USER32.dll
 0001:0000cb14       _PostMessageA@16           5000db14 f   user32:USER32.dll
 0001:0000cb1a       _wsprintfA                 5000db1a f   user32:USER32.dll
 0001:0000cb20       _RegDeleteKeyA@8           5000db20 f   advapi32:ADVAPI32.dll
 0001:0000cb26       _RegCloseKey@4             5000db26 f   advapi32:ADVAPI32.dll
 0001:0000cb2c       _RegSetValueExA@24         5000db2c f   advapi32:ADVAPI32.dll
 0001:0000cb32       _RegCreateKeyExA@36        5000db32 f   advapi32:ADVAPI32.dll
 0001:0000cb38       _CoCreateInstance@20       5000db38 f   ole32:ole32.dll
 0001:0000cb3e       _CoInitialize@4            5000db3e f   ole32:ole32.dll
 0001:0000cb44       _CoUninitialize@0          5000db44 f   ole32:ole32.dll
 0001:0000cb4a       _StringFromGUID2@12        5000db4a f   ole32:ole32.dll
 0001:0000cb50       _CoTaskMemFree@4           5000db50 f   ole32:ole32.dll
 0001:0000cb56       _CoTaskMemRealloc@8        5000db56 f   ole32:ole32.dll
 0001:0000cb5c       _SysFreeString@4           5000db5c f   oleaut32:OLEAUT32.dll
 0001:0000cb62       _SysAllocString@4          5000db62 f   oleaut32:OLEAUT32.dll
 0001:0000cb68       _VariantInit@4             5000db68 f   oleaut32:OLEAUT32.dll
 0001:0000cb6e       _GetErrorInfo@8            5000db6e f   oleaut32:OLEAUT32.dll
 0001:0000cb74       _InitializeStaticMemoryPool@16 5000db74 f   SS3DGFunc:SS3DGFunc.dll
 0001:0000cb7a       _CreateStaticMemoryPool@0  5000db7a f   SS3DGFunc:SS3DGFunc.dll
 0001:0000cb80       _ReleaseStaticMemoryPool@4 5000db80 f   SS3DGFunc:SS3DGFunc.dll
 0001:0000cb86       _LALAlloc@4                5000db86 f   SS3DGFunc:SS3DGFunc.dll
 0001:0000cb8c       _LALFree@8                 5000db8c f   SS3DGFunc:SS3DGFunc.dll
 0001:0000cba0       __RTC_CheckEsp             5000dba0 f   LIBCMTD:stack.obj
 0001:0000cbd0       @_RTC_CheckStackVars@8     5000dbd0 f   LIBCMTD:stack.obj
 0001:0000cc40       __RTC_InitBase             5000dc40 f   LIBCMTD:init.obj
 0001:0000cc70       __RTC_Shutdown             5000dc70 f   LIBCMTD:init.obj
 0001:0000cc90       _memcmp                    5000dc90 f   LIBCMTD:memcmp.obj
 0001:0000cd50       ??3@YAXPAX@Z               5000dd50 f   LIBCMTD:dbgdel.obj
 0001:0000ce30       ??2@YAPAXI@Z               5000de30 f   LIBCMTD:new.obj
 0001:0000ce50       ?_JumpToContinuation@@YGXPAXPAUEHRegistrationNode@@@Z 5000de50 f   LIBCMTD:trnsctrl.obj
 0001:0000ce90       ?_CallMemberFunction0@@YGXPAX0@Z 5000de90 f   LIBCMTD:trnsctrl.obj
 0001:0000cea0       ?_CallMemberFunction1@@YGXPAX00@Z 5000dea0 f   LIBCMTD:trnsctrl.obj
 0001:0000ceb0       ?_CallMemberFunction2@@YGXPAX00H@Z 5000deb0 f   LIBCMTD:trnsctrl.obj
 0001:0000cec0       ?_UnwindNestedFrames@@YGXPAUEHRegistrationNode@@PAUEHExceptionRecord@@@Z 5000dec0 f   LIBCMTD:trnsctrl.obj
 0001:0000cf20       ___CxxFrameHandler         5000df20 f   LIBCMTD:trnsctrl.obj
 0001:0000cf60       ___CxxLongjmpUnwind@4      5000df60 f   LIBCMTD:trnsctrl.obj
 0001:0000cf90       ?_CallCatchBlock2@@YAPAXPAUEHRegistrationNode@@PBU_s_FuncInfo@@PAXHK@Z 5000df90 f   LIBCMTD:trnsctrl.obj
 0001:0000d060       ?_CallSETranslator@@YAHPAUEHExceptionRecord@@PAUEHRegistrationNode@@PAX2PBU_s_FuncInfo@@H1@Z 5000e060 f   LIBCMTD:trnsctrl.obj
 0001:0000d210       ?_GetRangeOfTrysToCheck@@YAPBU_s_TryBlockMapEntry@@PBU_s_FuncInfo@@HHPAI1@Z 5000e210 f   LIBCMTD:trnsctrl.obj
 0001:0000d2a0       ?_CreateFrameInfo@@YAPAUFrameInfo@@PAU1@PAX@Z 5000e2a0 f   LIBCMTD:trnsctrl.obj
 0001:0000d2d0       ?IsExceptionObjectToBeDestroyed@@YAHPAX@Z 5000e2d0 f   LIBCMTD:trnsctrl.obj
 0001:0000d300       ?_FindAndUnlinkFrame@@YAXPAUFrameInfo@@@Z 5000e300 f   LIBCMTD:trnsctrl.obj
 0001:0000d358       __global_unwind2           5000e358 f   LIBCMTD:exsup.obj
 0001:0000d39a       __local_unwind2            5000e39a f   LIBCMTD:exsup.obj
 0001:0000d3f2       __NLG_Return2              5000e3f2     LIBCMTD:exsup.obj
 0001:0000d402       __abnormal_termination     5000e402 f   LIBCMTD:exsup.obj
 0001:0000d425       __NLG_Notify1              5000e425 f   LIBCMTD:exsup.obj
 0001:0000d42e       __NLG_Notify               5000e42e f   LIBCMTD:exsup.obj
 0001:0000d441       __NLG_Dispatch             5000e441     LIBCMTD:exsup.obj
 0001:0000d450       __except_handler3          5000e450 f   LIBCMTD:exsup3.obj
 0001:0000d536       __seh_longjmp_unwind@4     5000e536 f   LIBCMTD:exsup3.obj
 0001:0000d560       ?_RTC_Failure@@YAXPAXH@Z   5000e560 f   LIBCMTD:error.obj
 0001:0000d7c0       ?_RTC_MemFailure@@YAXPAXHPBX@Z 5000e7c0 f   LIBCMTD:error.obj
 0001:0000da10       ?_RTC_StackFailure@@YAXPAXPBD@Z 5000ea10 f   LIBCMTD:error.obj
 0001:0000dad0       __RTC_UninitUse            5000ead0 f   LIBCMTD:error.obj
 0001:0000dc90       __beginthreadex            5000ec90 f   LIBCMTD:threadex.obj
 0001:0000de80       __endthreadex              5000ee80 f   LIBCMTD:threadex.obj
 0001:0000ded0       ??_V@YAXPAX@Z              5000eed0 f   LIBCMTD:delete2.obj
 0001:0000def0       _memcpy                    5000eef0 f   LIBCMTD:memcpy.obj
 0001:0000e230       _memset                    5000f230 f   LIBCMTD:memset.obj
 0001:0000e290       ??_U@YAPAXI@Z              5000f290 f   LIBCMTD:new2.obj
 0001:0000e2b0       _strlen                    5000f2b0 f   LIBCMTD:strlen.obj
 0001:0000e340       _sprintf                   5000f340 f   LIBCMTD:sprintf.obj
 0001:0000e430       __scprintf                 5000f430 f   LIBCMTD:sprintf.obj
 0001:0000e4b0       _swprintf                  5000f4b0 f   LIBCMTD:swprintf.obj
 0001:0000e5f0       __scwprintf                5000f5f0 f   LIBCMTD:swprintf.obj
 0001:0000e670       _wcslen                    5000f670 f   LIBCMTD:wcslen.obj
 0001:0000e6a0       __alloca_probe             5000f6a0     LIBCMTD:chkstk.obj
 0001:0000e6a0       __chkstk                   5000f6a0 f   LIBCMTD:chkstk.obj
 0001:0000e6e0       __purecall                 5000f6e0 f   LIBCMTD:purevirt.obj
 0001:0000e700       __set_purecall_handler     5000f700 f   LIBCMTD:purevirt.obj
 0001:0000e730       _malloc                    5000f730 f   LIBCMTD:dbgheap.obj
 0001:0000e760       __malloc_dbg               5000f760 f   LIBCMTD:dbgheap.obj
 0001:0000e790       __nh_malloc                5000f790 f   LIBCMTD:dbgheap.obj
 0001:0000e7b0       __nh_malloc_dbg            5000f7b0 f   LIBCMTD:dbgheap.obj
 0001:0000e850       __heap_alloc               5000f850 f   LIBCMTD:dbgheap.obj
 0001:0000e870       __heap_alloc_dbg           5000f870 f   LIBCMTD:dbgheap.obj
 0001:0000eb90       _calloc                    5000fb90 f   LIBCMTD:dbgheap.obj
 0001:0000ebc0       __calloc_dbg               5000fbc0 f   LIBCMTD:dbgheap.obj
 0001:0000ec20       _realloc                   5000fc20 f   LIBCMTD:dbgheap.obj
 0001:0000ec50       __realloc_dbg              5000fc50 f   LIBCMTD:dbgheap.obj
 0001:0000f1f0       __expand                   500101f0 f   LIBCMTD:dbgheap.obj
 0001:0000f220       __expand_dbg               50010220 f   LIBCMTD:dbgheap.obj
 0001:0000f2b0       _free                      500102b0 f   LIBCMTD:dbgheap.obj
 0001:0000f2d0       __free_lk                  500102d0 f   LIBCMTD:dbgheap.obj
 0001:0000f2f0       __free_dbg                 500102f0 f   LIBCMTD:dbgheap.obj
 0001:0000f360       __free_dbg_lk              50010360 f   LIBCMTD:dbgheap.obj
 0001:0000f770       __msize                    50010770 f   LIBCMTD:dbgheap.obj
 0001:0000f790       __msize_dbg                50010790 f   LIBCMTD:dbgheap.obj
 0001:0000f900       __CrtSetBreakAlloc         50010900 f   LIBCMTD:dbgheap.obj
 0001:0000f920       __CrtSetDbgBlockType       50010920 f   LIBCMTD:dbgheap.obj
 0001:0000fa00       __CrtSetAllocHook          50010a00 f   LIBCMTD:dbgheap.obj
 0001:0000fa70       __CrtCheckMemory           50010a70 f   LIBCMTD:dbgheap.obj
 0001:0000fde0       __CrtSetDbgFlag            50010de0 f   LIBCMTD:dbgheap.obj
 0001:0000fe90       __CrtDoForAllClientObjects 50010e90 f   LIBCMTD:dbgheap.obj
 0001:0000ff40       __CrtIsValidPointer        50010f40 f   LIBCMTD:dbgheap.obj
 0001:0000ff90       __CrtIsValidHeapPointer    50010f90 f   LIBCMTD:dbgheap.obj
 0001:00010040       __CrtIsMemoryBlock         50011040 f   LIBCMTD:dbgheap.obj
 0001:00010170       __CrtReportBlockType       50011170 f   LIBCMTD:dbgheap.obj
 0001:000101a0       __CrtSetDumpClient         500111a0 f   LIBCMTD:dbgheap.obj
 0001:000101c0       __CrtMemCheckpoint         500111c0 f   LIBCMTD:dbgheap.obj
 0001:00010360       __CrtMemDifference         50011360 f   LIBCMTD:dbgheap.obj
 0001:00010480       __CrtMemDumpAllObjectsSince 50011480 f   LIBCMTD:dbgheap.obj
 0001:00010880       __CrtDumpMemoryLeaks       50011880 f   LIBCMTD:dbgheap.obj
 0001:000108f0       __CrtMemDumpStatistics     500118f0 f   LIBCMTD:dbgheap.obj
 0001:000109a0       __aligned_malloc           500119a0 f   LIBCMTD:dbgheap.obj
 0001:000109c0       __aligned_malloc_dbg       500119c0 f   LIBCMTD:dbgheap.obj
 0001:000109e0       __aligned_realloc          500119e0 f   LIBCMTD:dbgheap.obj
 0001:00010a00       __aligned_realloc_dbg      50011a00 f   LIBCMTD:dbgheap.obj
 0001:00010a30       __aligned_offset_malloc    50011a30 f   LIBCMTD:dbgheap.obj
 0001:00010a50       __aligned_offset_malloc_dbg 50011a50 f   LIBCMTD:dbgheap.obj
 0001:00010b90       __aligned_offset_realloc   50011b90 f   LIBCMTD:dbgheap.obj
 0001:00010bc0       __aligned_offset_realloc_dbg 50011bc0 f   LIBCMTD:dbgheap.obj
 0001:00010e20       __aligned_free             50011e20 f   LIBCMTD:dbgheap.obj
 0001:00010e40       __aligned_free_dbg         50011e40 f   LIBCMTD:dbgheap.obj
 0001:00010ef0       _wcstombs                  50011ef0 f   LIBCMTD:wcstombs.obj
 0001:00010f30       ___wcstombs_mt             50011f30 f   LIBCMTD:wcstombs.obj
 0001:00011270       _fclose                    50012270 f   LIBCMTD:fclose.obj
 0001:00011330       __fclose_lk                50012330 f   LIBCMTD:fclose.obj
 0001:000113e0       __strtime                  500123e0 f   LIBCMTD:strtime.obj
 0001:000114a0       __strdate                  500124a0 f   LIBCMTD:strdate.obj
 0001:00011560       _fprintf                   50012560 f   LIBCMTD:fprintf.obj
 0001:00011650       __fsopen                   50012650 f   LIBCMTD:fopen.obj
 0001:00011780       _fopen                     50012780 f   LIBCMTD:fopen.obj
 0001:000117a0       __CRT_INIT@12              500127a0 f   LIBCMTD:dllcrt0.obj
 0001:000119f0       __DllMainCRTStartup@12     500129f0 f   LIBCMTD:dllcrt0.obj
 0001:00011b70       __amsg_exit                50012b70 f   LIBCMTD:dllcrt0.obj
 0001:00011bb0       __RTC_NumErrors            50012bb0 f   LIBCMTD:userapi.obj
 0001:00011bc0       __RTC_GetErrDesc           50012bc0 f   LIBCMTD:userapi.obj
 0001:00011be0       __RTC_SetErrorType         50012be0 f   LIBCMTD:userapi.obj
 0001:00011c10       __RTC_SetErrorFunc         50012c10 f   LIBCMTD:userapi.obj
 0001:00011c30       ?_RTC_GetErrorFunc@@YAP6AHHPBDH00ZZPBX@Z 50012c30 f   LIBCMTD:userapi.obj
 0001:00011c40       __chkesp                   50012c40 f   LIBCMTD:chkesp.obj
 0001:00011c80       __CRT_RTC_INIT             50012c80 f   LIBCMTD:chkesp.obj
 0001:00011c90       __mtinitlocks              50012c90 f   LIBCMTD:mlock.obj
 0001:00011d20       __mtdeletelocks            50012d20 f   LIBCMTD:mlock.obj
 0001:00011de0       __mtinitlocknum            50012de0 f   LIBCMTD:mlock.obj
 0001:00011f00       __lock                     50012f00 f   LIBCMTD:mlock.obj
 0001:00011f40       __unlock                   50012f40 f   LIBCMTD:mlock.obj
 0001:00011f60       __lockerr_exit             50012f60 f   LIBCMTD:mlock.obj
 0001:00011f80       __CrtDbgBreak              50012f80 f   LIBCMTD:dbgrpt.obj
 0001:00011f90       __CrtSetReportMode         50012f90 f   LIBCMTD:dbgrpt.obj
 0001:00011ff0       __CrtSetReportFile         50012ff0 f   LIBCMTD:dbgrpt.obj
 0001:00012070       __CrtSetReportHook         50013070 f   LIBCMTD:dbgrpt.obj
 0001:00012090       __CrtSetReportHook2        50013090 f   LIBCMTD:dbgrpt.obj
 0001:000122e0       __CrtDbgReport             500132e0 f   LIBCMTD:dbgrpt.obj
 0001:00012a50       ___InternalCxxFrameHandler 50013a50 f   LIBCMTD:frame.obj
 0001:00012fc0       ___FrameUnwindToState      50013fc0 f   LIBCMTD:frame.obj
 0001:00013730       ___DestructExceptionObject 50014730 f   LIBCMTD:frame.obj
 0001:00013810       ?__uncaught_exception@@YA_NXZ 50014810 f   LIBCMTD:frame.obj
 0001:00013830       ___CxxExceptionFilter      50014830 f   LIBCMTD:frame.obj
 0001:000139e0       ___CxxRegisterExceptionObject 500149e0 f   LIBCMTD:frame.obj
 0001:00013b00       ___CxxDetectRethrow        50014b00 f   LIBCMTD:frame.obj
 0001:00013b60       ___CxxUnregisterExceptionObject 50014b60 f   LIBCMTD:frame.obj
 0001:00013c30       ___CxxQueryExceptionSize   50014c30 f   LIBCMTD:frame.obj
 0001:00013c40       ___CxxCallUnwindDtor       50014c40 f   LIBCMTD:frame.obj
 0001:00013cb0       ___CxxCallUnwindVecDtor    50014cb0 f   LIBCMTD:frame.obj
 0001:00013d30       __CallSettingFrame@12      50014d30 f   LIBCMTD:lowhelpr.obj
 0001:00013d57       __NLG_Return               50014d57     LIBCMTD:lowhelpr.obj
 0001:00013d80       ___crtTlsAlloc@4           50014d80 f   LIBCMTD:tidtable.obj
 0001:00013d90       __mtinit                   50014d90 f   LIBCMTD:tidtable.obj
 0001:00013ee0       __mtterm                   50014ee0 f   LIBCMTD:tidtable.obj
 0001:00013f10       __initptd                  50014f10 f   LIBCMTD:tidtable.obj
 0001:00013f30       __getptd                   50014f30 f   LIBCMTD:tidtable.obj
 0001:00013fd0       __freefls@4                50014fd0 f   LIBCMTD:tidtable.obj
 0001:00014250       __freeptd                  50015250 f   LIBCMTD:tidtable.obj
 0001:00014290       ___threadid                50015290 f   LIBCMTD:tidtable.obj
 0001:000142a0       ___threadhandle            500152a0 f   LIBCMTD:tidtable.obj
 0001:000142b0       ?terminate@@YAXXZ          500152b0 f   LIBCMTD:hooks.obj
 0001:00014320       ?unexpected@@YAXXZ         50015320 f   LIBCMTD:hooks.obj
 0001:00014340       ?_inconsistency@@YAXXZ     50015340 f   LIBCMTD:hooks.obj
 0001:000143b0       __ValidateEH3RN            500153b0 f   LIBCMTD:eh3valid.obj
 0001:000147a0       ?_RTC_GetSrcLine@@YAHKPADHPAHPAPAD@Z 500157a0 f   LIBCMTD:pdblkup.obj
 0001:00015040       __dosmaperr                50016040 f   LIBCMTD:dosmap.obj
 0001:000150e0       __errno                    500160e0 f   LIBCMTD:dosmap.obj
 0001:000150f0       ___doserrno                500160f0 f   LIBCMTD:dosmap.obj
 0001:00015100       __cinit                    50016100 f   LIBCMTD:crt0dat.obj
 0001:00015160       _exit                      50016160 f   LIBCMTD:crt0dat.obj
 0001:00015180       __exit                     50016180 f   LIBCMTD:crt0dat.obj
 0001:000151a0       __cexit                    500161a0 f   LIBCMTD:crt0dat.obj
 0001:000151c0       __c_exit                   500161c0 f   LIBCMTD:crt0dat.obj
 0001:00015310       ___crtExitProcess          50016310 f   LIBCMTD:crt0dat.obj
 0001:00015360       __lockexit                 50016360 f   LIBCMTD:crt0dat.obj
 0001:00015370       __unlockexit               50016370 f   LIBCMTD:crt0dat.obj
 0001:000153f0       ___CppXcptFilter           500163f0 f   LIBCMTD:winxfltr.obj
 0001:00015420       __XcptFilter               50016420 f   LIBCMTD:winxfltr.obj
 0001:00015640       __flsbuf                   50016640 f   LIBCMTD:_flsbuf.obj
 0001:000158a0       __output                   500168a0 f   LIBCMTD:output.obj
 0001:00016820       __woutput                  50017820 f   LIBCMTD:woutput.obj
 0001:000176f0       ?_set_new_handler@@YAP6AHI@ZP6AHI@Z@Z 500186f0 f   LIBCMTD:handler.obj
 0001:00017720       ?_query_new_handler@@YAP6AHI@ZXZ 50018720 f   LIBCMTD:handler.obj
 0001:00017730       __callnewh                 50018730 f   LIBCMTD:handler.obj
 0001:00017760       __malloc_base              50018760 f   LIBCMTD:malloc.obj
 0001:00017780       __nh_malloc_base           50018780 f   LIBCMTD:malloc.obj
 0001:000177e0       __heap_alloc_base          500187e0 f   LIBCMTD:malloc.obj
 0001:000178b0       __CrtDefaultAllocHook      500188b0 f   LIBCMTD:dbghook.obj
 0001:000178c0       __expand_base              500188c0 f   LIBCMTD:expand.obj
 0001:000179e0       __realloc_base             500189e0 f   LIBCMTD:realloc.obj
 0001:00017c90       __free_base                50018c90 f   LIBCMTD:free.obj
 0001:00017d60       __heapchk                  50018d60 f   LIBCMTD:heapchk.obj
 0001:00017e20       __heapset                  50018e20 f   LIBCMTD:heapchk.obj
 0001:00017e30       ___heap_select             50018e30 f   LIBCMTD:heapinit.obj
 0001:00017e60       __heap_init                50018e60 f   LIBCMTD:heapinit.obj
 0001:00017ed0       __heap_term                50018ed0 f   LIBCMTD:heapinit.obj
 0001:00017f80       __get_heap_handle          50018f80 f   LIBCMTD:heapinit.obj
 0001:00017f90       __get_sbh_threshold        50018f90 f   LIBCMTD:sbheap.obj
 0001:00017fb0       __set_sbh_threshold        50018fb0 f   LIBCMTD:sbheap.obj
 0001:00018020       ___sbh_heap_init           50019020 f   LIBCMTD:sbheap.obj
 0001:00018090       ___sbh_find_block          50019090 f   LIBCMTD:sbheap.obj
 0001:000180f0       ___sbh_verify_block        500190f0 f   LIBCMTD:sbheap.obj
 0001:00018150       ___sbh_free_block          50019150 f   LIBCMTD:sbheap.obj
 0001:00018710       ___sbh_alloc_block         50019710 f   LIBCMTD:sbheap.obj
 0001:00018c30       ___sbh_alloc_new_region    50019c30 f   LIBCMTD:sbheap.obj
 0001:00018d40       ___sbh_alloc_new_group     50019d40 f   LIBCMTD:sbheap.obj
 0001:00018f30       ___sbh_resize_block        50019f30 f   LIBCMTD:sbheap.obj
 0001:00019500       ___sbh_heapmin             5001a500 f   LIBCMTD:sbheap.obj
 0001:00019630       ___sbh_heap_check          5001a630 f   LIBCMTD:sbheap.obj
 0001:00019b40       ____setlc_active_func      5001ab40 f   LIBCMTD:setlocal.obj
 0001:00019b50       ____unguarded_readlc_active_add_func 5001ab50 f   LIBCMTD:setlocal.obj
 0001:00019b60       ___freetlocinfo            5001ab60 f   LIBCMTD:setlocal.obj
 0001:00019ce0       ___updatetlocinfo          5001ace0 f   LIBCMTD:setlocal.obj
 0001:00019f20       _setlocale                 5001af20 f   LIBCMTD:setlocal.obj
 0001:0001a9d0       __expandlocale             5001b9d0 f   LIBCMTD:setlocal.obj
 0001:0001abb0       ___init_dummy              5001bbb0 f   LIBCMTD:setlocal.obj
 0001:0001abc0       __strcats                  5001bbc0 f   LIBCMTD:setlocal.obj
 0001:0001ac10       ___lc_strtolc              5001bc10 f   LIBCMTD:setlocal.obj
 0001:0001ad80       ___lc_lctostr              5001bd80 f   LIBCMTD:setlocal.obj
 0001:0001adf0       __chvalidator              5001bdf0 f   LIBCMTD:isctype.obj
 0001:0001ae30       __chvalidator_mt           5001be30 f   LIBCMTD:isctype.obj
 0001:0001ae70       __isctype                  5001be70 f   LIBCMTD:isctype.obj
 0001:0001aeb0       ___isctype_mt              5001beb0 f   LIBCMTD:isctype.obj
 0001:0001af70       @__security_check_cookie@4 5001bf70 f   LIBCMTD:secchk.obj
 0001:0001aff0       ___iob_func                5001bff0 f   LIBCMTD:_file.obj
 0001:0001b000       ___initstdio               5001c000 f   LIBCMTD:_file.obj
 0001:0001b130       ___endstdio                5001c130 f   LIBCMTD:_file.obj
 0001:0001b150       __lock_file                5001c150 f   LIBCMTD:_file.obj
 0001:0001b190       __lock_file2               5001c190 f   LIBCMTD:_file.obj
 0001:0001b1c0       __unlock_file              5001c1c0 f   LIBCMTD:_file.obj
 0001:0001b200       __unlock_file2             5001c200 f   LIBCMTD:_file.obj
 0001:0001b230       __close                    5001c230 f   LIBCMTD:close.obj
 0001:0001b320       __close_lk                 5001c320 f   LIBCMTD:close.obj
 0001:0001b3d0       __freebuf                  5001c3d0 f   LIBCMTD:_freebuf.obj
 0001:0001b460       _fflush                    5001c460 f   LIBCMTD:fflush.obj
 0001:0001b4f0       __fflush_lk                5001c4f0 f   LIBCMTD:fflush.obj
 0001:0001b530       __flush                    5001c530 f   LIBCMTD:fflush.obj
 0001:0001b5f0       __flushall                 5001c5f0 f   LIBCMTD:fflush.obj
 0001:0001b790       __stbuf                    5001c790 f   LIBCMTD:_sftbuf.obj
 0001:0001b8e0       __ftbuf                    5001c8e0 f   LIBCMTD:_sftbuf.obj
 0001:0001b970       __openfile                 5001c970 f   LIBCMTD:_open.obj
 0001:0001bd00       __getstream                5001cd00 f   LIBCMTD:stream.obj
 0001:0001bf30       __ioinit                   5001cf30 f   LIBCMTD:ioinit.obj
 0001:0001c2c0       __ioterm                   5001d2c0 f   LIBCMTD:ioinit.obj
 0001:0001c360       __setenvp                  5001d360 f   LIBCMTD:stdenvp.obj
 0001:0001c4e0       __setargv                  5001d4e0 f   LIBCMTD:stdargv.obj
 0001:0001c940       ___crtGetEnvironmentStringsA 5001d940 f   LIBCMTD:a_env.obj
 0001:0001cb60       __RTC_Initialize           5001db60 f   LIBCMTD:initsect.obj
 0001:0001cbe0       __RTC_Terminate            5001dbe0 f   LIBCMTD:initsect.obj
 0001:0001cc60       __FF_MSGBANNER             5001dc60 f   LIBCMTD:crt0msg.obj
 0001:0001ccb0       __NMSG_WRITE               5001dcb0 f   LIBCMTD:crt0msg.obj
 0001:0001cec0       __GET_RTERRMSG             5001dec0 f   LIBCMTD:crt0msg.obj
 0001:0001cf10       ___crtInitCritSecAndSpinCount 5001df10 f   LIBCMTD:initcrit.obj
 0001:0001d030       __itoa                     5001e030 f   LIBCMTD:xtoa.obj
 0001:0001d150       __ltoa                     5001e150 f   LIBCMTD:xtoa.obj
 0001:0001d190       __ultoa                    5001e190 f   LIBCMTD:xtoa.obj
 0001:0001d1b0       __i64toa                   5001e1b0 f   LIBCMTD:xtoa.obj
 0001:0001d300       __ui64toa                  5001e300 f   LIBCMTD:xtoa.obj
 0001:0001d320       __snprintf                 5001e320 f   LIBCMTD:snprintf.obj
 0001:0001d410       _strcpy                    5001e410 f   LIBCMTD:strcat.obj
 0001:0001d420       _strcat                    5001e420 f   LIBCMTD:strcat.obj
 0001:0001d510       __vsnprintf                5001e510 f   LIBCMTD:vsnprint.obj
 0001:0001d5e0       _signal                    5001e5e0 f   LIBCMTD:winsig.obj
 0001:0001d920       _raise                     5001e920 f   LIBCMTD:winsig.obj
 0001:0001dbe0       ___fpecode                 5001ebe0 f   LIBCMTD:winsig.obj
 0001:0001dbf0       ___pxcptinfoptrs           5001ebf0 f   LIBCMTD:winsig.obj
 0001:0001dc00       ___crtMessageBoxA          5001ec00 f   LIBCMTD:crtmbox.obj
 0001:0001dd70       _strncpy                   5001ed70 f   LIBCMTD:strncpy.obj
 0001:0001dea0       ?__CxxUnhandledExceptionFilter@@YGJPAU_EXCEPTION_POINTERS@@@Z 5001eea0 f   LIBCMTD:unhandld.obj
 0001:0001df10       ?__CxxSetUnhandledExceptionFilter@@YAHXZ 5001ef10 f   LIBCMTD:unhandld.obj
 0001:0001df30       ?__CxxRestoreUnhandledExceptionFilter@@YAXXZ 5001ef30 f   LIBCMTD:unhandld.obj
 0001:0001df50       ?_ValidateRead@@YAHPBXI@Z  5001ef50 f   LIBCMTD:validate.obj
 0001:0001df80       ?_ValidateWrite@@YAHPAXI@Z 5001ef80 f   LIBCMTD:validate.obj
 0001:0001dfb0       ?_ValidateExecute@@YAHP6GHXZ@Z 5001efb0 f   LIBCMTD:validate.obj
 0001:0001dfe0       _strcmp                    5001efe0 f   LIBCMTD:strcmp.obj
 0001:0001e070       _memmove                   5001f070 f   LIBCMTD:memmove.obj
 0001:0001e3b0       ___updatetmbcinfo          5001f3b0 f   LIBCMTD:mbctype.obj
 0001:0001e480       __setmbcp                  5001f480 f   LIBCMTD:mbctype.obj
 0001:0001edc0       __getmbcp                  5001fdc0 f   LIBCMTD:mbctype.obj
 0001:0001ede0       ___initmbctable            5001fde0 f   LIBCMTD:mbctype.obj
 0001:0001ee10       _abort                     5001fe10 f   LIBCMTD:abort.obj
 0001:0001ee30       __onexit                   5001fe30 f   LIBCMTD:onexit.obj
 0001:0001ef90       _atexit                    5001ff90 f   LIBCMTD:onexit.obj
 0001:0001efb0       ___onexitinit              5001ffb0 f   LIBCMTD:onexit.obj
 0001:0001f000       __lseek                    50020000 f   LIBCMTD:lseek.obj
 0001:0001f110       __lseek_lk                 50020110 f   LIBCMTD:lseek.obj
 0001:0001f1d0       __write                    500201d0 f   LIBCMTD:write.obj
 0001:0001f2e0       __write_lk                 500202e0 f   LIBCMTD:write.obj
 0001:0001f5d0       __getbuf                   500205d0 f   LIBCMTD:_getbuf.obj
 0001:0001f690       __isatty                   50020690 f   LIBCMTD:isatty.obj
 0001:0001f6d0       _wctomb                    500206d0 f   LIBCMTD:wctomb.obj
 0001:0001f710       ___wctomb_mt               50020710 f   LIBCMTD:wctomb.obj
 0001:0001f7b0       ___pwctype_func            500207b0 f   LIBCMTD:ctype.obj
 0001:0001f7c0       ___pctype_func             500207c0 f   LIBCMTD:ctype.obj
 0001:0001f7d0       __aulldiv                  500207d0 f   LIBCMTD:ulldiv.obj
 0001:0001f840       __aullrem                  50020840 f   LIBCMTD:ullrem.obj
 0001:0001f8c0       _mbtowc                    500208c0 f   LIBCMTD:mbtowc.obj
 0001:0001f900       ___mbtowc_mt               50020900 f   LIBCMTD:mbtowc.obj
 0001:0001fa50       _fputwc                    50020a50 f   LIBCMTD:fputwc.obj
 0001:0001fb00       __putwc_lk                 50020b00 f   LIBCMTD:fputwc.obj
 0001:0001fc90       _putwc                     50020c90 f   LIBCMTD:fputwc.obj
 0001:0001fcb0       __Getdays                  50020cb0 f   LIBCMTD:strftime.obj
 0001:0001fde0       __Getmonths                50020de0 f   LIBCMTD:strftime.obj
 0001:0001ff10       __Gettnames                50020f10 f   LIBCMTD:strftime.obj
 0001:000202a0       _strftime                  500212a0 f   LIBCMTD:strftime.obj
 0001:000202c0       __Strftime                 500212c0 f   LIBCMTD:strftime.obj
 0001:00020310       __Strftime_mt              50021310 f   LIBCMTD:strftime.obj
 0001:00021530       _localeconv                50022530 f   LIBCMTD:lconv.obj
 0001:00021540       ___init_time               50022540 f   LIBCMTD:inittime.obj
 0001:00021b50       ___free_lc_time            50022b50 f   LIBCMTD:inittime.obj
 0001:00021e60       ___init_numeric            50022e60 f   LIBCMTD:initnum.obj
 0001:000221a0       ___free_lconv_num          500231a0 f   LIBCMTD:initnum.obj
 0001:00022240       ___init_monetary           50023240 f   LIBCMTD:initmon.obj
 0001:00022640       ___free_lconv_mon          50023640 f   LIBCMTD:initmon.obj
 0001:000227a0       ___init_ctype              500237a0 f   LIBCMTD:initctyp.obj
 0001:00022a60       ____mb_cur_max_func        50023a60 f   LIBCMTD:initctyp.obj
 0001:00022a70       ____lc_codepage_func       50023a70 f   LIBCMTD:initctyp.obj
 0001:00022aa0       ____lc_collate_cp_func     50023aa0 f   LIBCMTD:initctyp.obj
 0001:00022ad0       ____lc_handle_func         50023ad0 f   LIBCMTD:initctyp.obj
 0001:00022b00       ___init_collate            50023b00 f   LIBCMTD:initcoll.obj
 0001:00022b10       _strcspn                   50023b10 f   LIBCMTD:strcspn.obj
 0001:00022b60       _strncmp                   50023b60 f   LIBCMTD:strncmp.obj
 0001:00022ba0       _strpbrk                   50023ba0 f   LIBCMTD:strpbrk.obj
 0001:00022be0       ___crtGetStringTypeA       50023be0 f   LIBCMTD:a_str.obj
 0001:00022e80       ___get_qualified_locale    50023e80 f   LIBCMTD:getqloc.obj
 0001:00023cb0       ___security_init_cookie    50024cb0 f   LIBCMTD:seccinit.obj
 0001:00023d50       ___security_error_handler  50024d50 f   LIBCMTD:secfail.obj
 0001:00023f80       __set_security_error_handler 50024f80 f   LIBCMTD:secfail.obj
 0001:00023fa0       ___buffer_overrun          50024fa0 f   LIBCMTD:secfail.obj
 0001:00023fc0       ___set_buffer_overrun_handler 50024fc0 f   LIBCMTD:secfail.obj
 0001:00023fe0       __fcloseall                50024fe0 f   LIBCMTD:closeall.obj
 0001:00024100       __alloc_osfhnd             50025100 f   LIBCMTD:osfinfo.obj
 0001:00024380       __set_osfhnd               50025380 f   LIBCMTD:osfinfo.obj
 0001:00024440       __free_osfhnd              50025440 f   LIBCMTD:osfinfo.obj
 0001:00024520       __get_osfhandle            50025520 f   LIBCMTD:osfinfo.obj
 0001:00024590       __open_osfhandle           50025590 f   LIBCMTD:osfinfo.obj
 0001:000246e0       __lock_fhandle             500256e0 f   LIBCMTD:osfinfo.obj
 0001:000247d0       __unlock_fhandle           500257d0 f   LIBCMTD:osfinfo.obj
 0001:00024800       __commit                   50025800 f   LIBCMTD:commit.obj
 0001:00024910       __open                     50025910 f   LIBCMTD:open.obj
 0001:000249c0       __sopen                    500259c0 f   LIBCMTD:open.obj
 0001:00024f70       ___crtLCMapStringA         50025f70 f   LIBCMTD:a_map.obj
 0001:00025530       __lseeki64                 50026530 f   LIBCMTD:lseeki64.obj
 0001:00025650       __lseeki64_lk              50026650 f   LIBCMTD:lseeki64.obj
 0001:00025720       __fptrap                   50026720 f   LIBCMTD:crt0fp.obj
 0001:00025730       __flswbuf                  50026730 f   LIBCMTD:_flswbuf.obj
 0001:000259a0       ___tzset                   500269a0 f   LIBCMTD:tzset.obj
 0001:00025a30       __tzset                    50026a30 f   LIBCMTD:tzset.obj
 0001:00025ec0       __isindst                  50026ec0 f   LIBCMTD:tzset.obj
 0001:000264a0       ___ascii_stricmp           500274a0 f   LIBCMTD:_stricmp.obj
 0001:000264f0       __resetstkoflw             500274f0 f   LIBCMTD:resetstk.obj
 0001:00026640       ___getlocaleinfo           50027640 f   LIBCMTD:inithelp.obj
 0001:000268a0       ___ansicp                  500278a0 f   LIBCMTD:convrtcp.obj
 0001:00026900       ___convertcp               50027900 f   LIBCMTD:convrtcp.obj
 0001:00026ba0       __stricmp                  50027ba0 f   LIBCMTD:stricmp.obj
 0001:00026c50       __strnicmp                 50027c50 f   LIBCMTD:strnicmp.obj
 0001:00026d10       _atol                      50027d10 f   LIBCMTD:atox.obj
 0001:00026e20       _atoi                      50027e20 f   LIBCMTD:atox.obj
 0001:00026e40       __atoi64                   50027e40 f   LIBCMTD:atox.obj
 0001:00026f80       __chsize                   50027f80 f   LIBCMTD:chsize.obj
 0001:00027070       __chsize_lk                50028070 f   LIBCMTD:chsize.obj
 0001:00027250       __read                     50028250 f   LIBCMTD:read.obj
 0001:00027360       __read_lk                  50028360 f   LIBCMTD:read.obj
 0001:000277a0       _getenv                    500287a0 f   LIBCMTD:getenv.obj
 0001:00027810       __getenv_lk                50028810 f   LIBCMTD:getenv.obj
 0001:000278e0       _isalpha                   500288e0 f   LIBCMTD:_ctype.obj
 0001:00027950       _isupper                   50028950 f   LIBCMTD:_ctype.obj
 0001:000279b0       _islower                   500289b0 f   LIBCMTD:_ctype.obj
 0001:00027a10       _isdigit                   50028a10 f   LIBCMTD:_ctype.obj
 0001:00027a70       _isxdigit                  50028a70 f   LIBCMTD:_ctype.obj
 0001:00027ae0       _isspace                   50028ae0 f   LIBCMTD:_ctype.obj
 0001:00027b40       _ispunct                   50028b40 f   LIBCMTD:_ctype.obj
 0001:00027ba0       _isalnum                   50028ba0 f   LIBCMTD:_ctype.obj
 0001:00027c10       _isprint                   50028c10 f   LIBCMTD:_ctype.obj
 0001:00027c80       _isgraph                   50028c80 f   LIBCMTD:_ctype.obj
 0001:00027cf0       _iscntrl                   50028cf0 f   LIBCMTD:_ctype.obj
 0001:00027d50       ___isascii                 50028d50 f   LIBCMTD:_ctype.obj
 0001:00027d60       ___toascii                 50028d60 f   LIBCMTD:_ctype.obj
 0001:00027d70       ___iscsymf                 50028d70 f   LIBCMTD:_ctype.obj
 0001:00027db0       ___iscsym                  50028db0 f   LIBCMTD:_ctype.obj
 0001:00027df0       ___crtGetLocaleInfoW       50028df0 f   LIBCMTD:w_loc.obj
 0001:00027fd0       ___crtGetLocaleInfoA       50028fd0 f   LIBCMTD:a_loc.obj
 0001:000281c0       __tolower                  500291c0 f   LIBCMTD:tolower.obj
 0001:000281d0       _tolower                   500291d0 f   LIBCMTD:tolower.obj
 0001:00028210       ___tolower_mt              50029210 f   LIBCMTD:tolower.obj
 0001:00028350       ___ascii_strnicmp          50029350 f   LIBCMTD:_strnicm.obj
 0001:000283c0       __allmul                   500293c0 f   LIBCMTD:llmul.obj
 0001:00028400       __setmode                  50029400 f   LIBCMTD:setmode.obj
 0001:000284f0       __setmode_lk               500294f0 f   LIBCMTD:setmode.obj
 0001:000285d0       __mbsnbicoll               500295d0 f   LIBCMTD:mbsnbico.obj
 0001:00028640       ___wtomb_environ           50029640 f   LIBCMTD:wtombenv.obj
 0001:00028730       ___crtCompareStringA       50029730 f   LIBCMTD:a_cmp.obj
 0001:00028cf0       ___crtsetenv               50029cf0 f   LIBCMTD:setenv.obj
 0001:000291e0       __mbschr                   5002a1e0 f   LIBCMTD:mbschr.obj
 0001:000292c0       _strchr                    5002a2c0 f   LIBCMTD:strchr.obj
 0001:000292c6       ___from_strstr_to_strchr   5002a2c6     LIBCMTD:strchr.obj
 0001:0002937e       _SymCleanup@4              5002a37e f   imagehlp:imagehlp.dll
 0001:00029384       _SymGetLineFromAddr@16     5002a384 f   imagehlp:imagehlp.dll
 0001:0002938a       _SymGetModuleInfo@12       5002a38a f   imagehlp:imagehlp.dll
 0001:00029390       _SymGetSymFromAddr@16      5002a390 f   imagehlp:imagehlp.dll
 0001:00029396       _StackWalk@36              5002a396 f   imagehlp:imagehlp.dll
 0001:0002939c       _SymFunctionTableAccess@8  5002a39c f   imagehlp:imagehlp.dll
 0001:000293a2       _SymGetModuleBase@8        5002a3a2 f   imagehlp:imagehlp.dll
 0001:000293a8       _SymInitialize@12          5002a3a8 f   imagehlp:imagehlp.dll
 0001:000293ae       _SymSetOptions@4           5002a3ae f   imagehlp:imagehlp.dll
 0001:000293b4       _RtlUnwind@16              5002a3b4 f   kernel32:KERNEL32.dll
 0001:000293ba       _DebugBreak@0              5002a3ba f   kernel32:KERNEL32.dll
 0001:000293c0       _RaiseException@16         5002a3c0 f   kernel32:KERNEL32.dll
 0001:000293c6       _GetVersionExA@4           5002a3c6 f   kernel32:KERNEL32.dll
 0001:000293cc       _GetProcAddress@8          5002a3cc f   kernel32:KERNEL32.dll
 0001:000293d2       _LoadLibraryA@4            5002a3d2 f   kernel32:KERNEL32.dll
 0001:000293d8       _CreateThread@24           5002a3d8 f   kernel32:KERNEL32.dll
 0001:000293de       _ExitThread@4              5002a3de f   kernel32:KERNEL32.dll
 0001:000293e4       _IsBadWritePtr@8           5002a3e4 f   kernel32:KERNEL32.dll
 0001:000293ea       _IsBadReadPtr@8            5002a3ea f   kernel32:KERNEL32.dll
 0001:000293f0       _HeapValidate@12           5002a3f0 f   kernel32:KERNEL32.dll
 0001:000293f6       _GetLocalTime@4            5002a3f6 f   kernel32:KERNEL32.dll
 0001:000293fc       _GetCommandLineA@0         5002a3fc f   kernel32:KERNEL32.dll
 0001:00029402       _FatalAppExitA@8           5002a402 f   kernel32:KERNEL32.dll
 0001:00029408       _GetStdHandle@4            5002a408 f   kernel32:KERNEL32.dll
 0001:0002940e       _InterlockedDecrement@4    5002a40e f   kernel32:KERNEL32.dll
 0001:00029414       _OutputDebugStringA@4      5002a414 f   kernel32:KERNEL32.dll
 0001:0002941a       _InterlockedIncrement@4    5002a41a f   kernel32:KERNEL32.dll
 0001:00029420       _TlsAlloc@0                5002a420 f   kernel32:KERNEL32.dll
 0001:00029426       _TlsFree@4                 5002a426 f   kernel32:KERNEL32.dll
 0001:0002942c       _TlsSetValue@8             5002a42c f   kernel32:KERNEL32.dll
 0001:00029432       _TlsGetValue@4             5002a432 f   kernel32:KERNEL32.dll
 0001:00029438       _GetModuleHandleA@4        5002a438 f   kernel32:KERNEL32.dll
 0001:0002943e       _SetLastError@4            5002a43e f   kernel32:KERNEL32.dll
 0001:00029444       _VirtualQuery@12           5002a444 f   kernel32:KERNEL32.dll
 0001:0002944a       _HeapFree@12               5002a44a f   kernel32:KERNEL32.dll
 0001:00029450       _HeapAlloc@12              5002a450 f   kernel32:KERNEL32.dll
 0001:00029456       _GetProcessHeap@0          5002a456 f   kernel32:KERNEL32.dll
 0001:0002945c       _FreeLibrary@4             5002a45c f   kernel32:KERNEL32.dll
 0001:00029462       _TerminateProcess@8        5002a462 f   kernel32:KERNEL32.dll
 0001:00029468       _ExitProcess@4             5002a468 f   kernel32:KERNEL32.dll
 0001:0002946e       _UnhandledExceptionFilter@4 5002a46e f   kernel32:KERNEL32.dll
 0001:00029474       _HeapReAlloc@16            5002a474 f   kernel32:KERNEL32.dll
 0001:0002947a       _HeapDestroy@4             5002a47a f   kernel32:KERNEL32.dll
 0001:00029480       _HeapCreate@12             5002a480 f   kernel32:KERNEL32.dll
 0001:00029486       _VirtualFree@12            5002a486 f   kernel32:KERNEL32.dll
 0001:0002948c       _VirtualAlloc@16           5002a48c f   kernel32:KERNEL32.dll
 0001:00029492       _SetHandleCount@4          5002a492 f   kernel32:KERNEL32.dll
 0001:00029498       _GetFileType@4             5002a498 f   kernel32:KERNEL32.dll
 0001:0002949e       _GetStartupInfoA@4         5002a49e f   kernel32:KERNEL32.dll
 0001:000294a4       _FreeEnvironmentStringsA@4 5002a4a4 f   kernel32:KERNEL32.dll
 0001:000294aa       _GetEnvironmentStrings@0   5002a4aa f   kernel32:KERNEL32.dll
 0001:000294b0       _FreeEnvironmentStringsW@4 5002a4b0 f   kernel32:KERNEL32.dll
 0001:000294b6       _GetEnvironmentStringsW@0  5002a4b6 f   kernel32:KERNEL32.dll
 0001:000294bc       _SetConsoleCtrlHandler@8   5002a4bc f   kernel32:KERNEL32.dll
 0001:000294c2       _SetUnhandledExceptionFilter@4 5002a4c2 f   kernel32:KERNEL32.dll
 0001:000294c8       _IsBadCodePtr@4            5002a4c8 f   kernel32:KERNEL32.dll
 0001:000294ce       _GetACP@0                  5002a4ce f   kernel32:KERNEL32.dll
 0001:000294d4       _GetOEMCP@0                5002a4d4 f   kernel32:KERNEL32.dll
 0001:000294da       _GetCPInfo@8               5002a4da f   kernel32:KERNEL32.dll
 0001:000294e0       _SetFilePointer@16         5002a4e0 f   kernel32:KERNEL32.dll
 0001:000294e6       _GetTimeFormatA@24         5002a4e6 f   kernel32:KERNEL32.dll
 0001:000294ec       _GetDateFormatA@24         5002a4ec f   kernel32:KERNEL32.dll
 0001:000294f2       _GetStringTypeA@20         5002a4f2 f   kernel32:KERNEL32.dll
 0001:000294f8       _GetStringTypeW@16         5002a4f8 f   kernel32:KERNEL32.dll
 0001:000294fe       _IsValidLocale@8           5002a4fe f   kernel32:KERNEL32.dll
 0001:00029504       _IsValidCodePage@4         5002a504 f   kernel32:KERNEL32.dll
 0001:0002950a       _GetLocaleInfoA@16         5002a50a f   kernel32:KERNEL32.dll
 0001:00029510       _EnumSystemLocalesA@8      5002a510 f   kernel32:KERNEL32.dll
 0001:00029516       _QueryPerformanceCounter@4 5002a516 f   kernel32:KERNEL32.dll
 0001:0002951c       _GetSystemTimeAsFileTime@4 5002a51c f   kernel32:KERNEL32.dll
 0001:00029522       _SetStdHandle@8            5002a522 f   kernel32:KERNEL32.dll
 0001:00029528       _FlushFileBuffers@4        5002a528 f   kernel32:KERNEL32.dll
 0001:0002952e       _CreateFileA@28            5002a52e f   kernel32:KERNEL32.dll
 0001:00029534       _LCMapStringA@24           5002a534 f   kernel32:KERNEL32.dll
 0001:0002953a       _LCMapStringW@24           5002a53a f   kernel32:KERNEL32.dll
 0001:00029540       _GetTimeZoneInformation@4  5002a540 f   kernel32:KERNEL32.dll
 0001:00029546       _VirtualProtect@16         5002a546 f   kernel32:KERNEL32.dll
 0001:0002954c       _GetSystemInfo@4           5002a54c f   kernel32:KERNEL32.dll
 0001:00029552       _SetEndOfFile@4            5002a552 f   kernel32:KERNEL32.dll
 0001:00029558       _GetLocaleInfoW@16         5002a558 f   kernel32:KERNEL32.dll
 0001:0002955e       _CompareStringA@24         5002a55e f   kernel32:KERNEL32.dll
 0001:00029564       _CompareStringW@24         5002a564 f   kernel32:KERNEL32.dll
 0001:0002956a       _SetEnvironmentVariableA@8 5002a56a f   kernel32:KERNEL32.dll
 0002:00000000       __imp__RegSetValueExA@24   5002b000     advapi32:ADVAPI32.dll
 0002:00000004       __imp__RegCloseKey@4       5002b004     advapi32:ADVAPI32.dll
 0002:00000008       __imp__RegDeleteKeyA@8     5002b008     advapi32:ADVAPI32.dll
 0002:0000000c       __imp__RegCreateKeyExA@36  5002b00c     advapi32:ADVAPI32.dll
 0002:00000010       \177ADVAPI32_NULL_THUNK_DATA 5002b010     advapi32:ADVAPI32.dll
 0002:00000014       __imp__WriteFile@20        5002b014     kernel32:KERNEL32.dll
 0002:00000018       __imp__CreateFileW@28      5002b018     kernel32:KERNEL32.dll
 0002:0000001c       __imp__ReadFile@20         5002b01c     kernel32:KERNEL32.dll
 0002:00000020       __imp__GetFileSize@8       5002b020     kernel32:KERNEL32.dll
 0002:00000024       __imp__WideCharToMultiByte@32 5002b024     kernel32:KERNEL32.dll
 0002:00000028       __imp__GetUserDefaultLCID@0 5002b028     kernel32:KERNEL32.dll
 0002:0000002c       __imp__WaitForSingleObject@8 5002b02c     kernel32:KERNEL32.dll
 0002:00000030       __imp__SetEvent@4          5002b030     kernel32:KERNEL32.dll
 0002:00000034       __imp__MultiByteToWideChar@24 5002b034     kernel32:KERNEL32.dll
 0002:00000038       __imp__QueueUserAPC@12     5002b038     kernel32:KERNEL32.dll
 0002:0000003c       __imp__GetTickCount@0      5002b03c     kernel32:KERNEL32.dll
 0002:00000040       __imp__WaitForSingleObjectEx@12 5002b040     kernel32:KERNEL32.dll
 0002:00000044       __imp__DeleteCriticalSection@4 5002b044     kernel32:KERNEL32.dll
 0002:00000048       __imp__InitializeCriticalSection@4 5002b048     kernel32:KERNEL32.dll
 0002:0000004c       __imp__lstrcatA@8          5002b04c     kernel32:KERNEL32.dll
 0002:00000050       __imp__lstrcpyA@8          5002b050     kernel32:KERNEL32.dll
 0002:00000054       __imp__CloseHandle@4       5002b054     kernel32:KERNEL32.dll
 0002:00000058       __imp__lstrlenA@4          5002b058     kernel32:KERNEL32.dll
 0002:0000005c       __imp__GetLastError@0      5002b05c     kernel32:KERNEL32.dll
 0002:00000060       __imp__GetCurrentThread@0  5002b060     kernel32:KERNEL32.dll
 0002:00000064       __imp__GetCurrentThreadId@0 5002b064     kernel32:KERNEL32.dll
 0002:00000068       __imp__GetCurrentProcessId@0 5002b068     kernel32:KERNEL32.dll
 0002:0000006c       __imp__LeaveCriticalSection@4 5002b06c     kernel32:KERNEL32.dll
 0002:00000070       __imp__GetCurrentProcess@0 5002b070     kernel32:KERNEL32.dll
 0002:00000074       __imp__EnterCriticalSection@4 5002b074     kernel32:KERNEL32.dll
 0002:00000078       __imp__InterlockedCompareExchange@12 5002b078     kernel32:KERNEL32.dll
 0002:0000007c       __imp__InterlockedExchange@8 5002b07c     kernel32:KERNEL32.dll
 0002:00000080       __imp__CompareStringA@24   5002b080     kernel32:KERNEL32.dll
 0002:00000084       __imp__GetLocaleInfoW@16   5002b084     kernel32:KERNEL32.dll
 0002:00000088       __imp__SetEndOfFile@4      5002b088     kernel32:KERNEL32.dll
 0002:0000008c       __imp__GetSystemInfo@4     5002b08c     kernel32:KERNEL32.dll
 0002:00000090       __imp__VirtualProtect@16   5002b090     kernel32:KERNEL32.dll
 0002:00000094       __imp__CreateEventA@16     5002b094     kernel32:KERNEL32.dll
 0002:00000098       __imp__OutputDebugStringW@4 5002b098     kernel32:KERNEL32.dll
 0002:0000009c       __imp__CompareStringW@24   5002b09c     kernel32:KERNEL32.dll
 0002:000000a0       __imp__GetModuleFileNameA@12 5002b0a0     kernel32:KERNEL32.dll
 0002:000000a4       __imp__DebugBreak@0        5002b0a4     kernel32:KERNEL32.dll
 0002:000000a8       __imp__GetTimeZoneInformation@4 5002b0a8     kernel32:KERNEL32.dll
 0002:000000ac       __imp__LCMapStringW@24     5002b0ac     kernel32:KERNEL32.dll
 0002:000000b0       __imp__LCMapStringA@24     5002b0b0     kernel32:KERNEL32.dll
 0002:000000b4       __imp__CreateFileA@28      5002b0b4     kernel32:KERNEL32.dll
 0002:000000b8       __imp__FlushFileBuffers@4  5002b0b8     kernel32:KERNEL32.dll
 0002:000000bc       __imp__SetStdHandle@8      5002b0bc     kernel32:KERNEL32.dll
 0002:000000c0       __imp__GetSystemTimeAsFileTime@4 5002b0c0     kernel32:KERNEL32.dll
 0002:000000c4       __imp__QueryPerformanceCounter@4 5002b0c4     kernel32:KERNEL32.dll
 0002:000000c8       __imp__EnumSystemLocalesA@8 5002b0c8     kernel32:KERNEL32.dll
 0002:000000cc       __imp__GetLocaleInfoA@16   5002b0cc     kernel32:KERNEL32.dll
 0002:000000d0       __imp__IsValidCodePage@4   5002b0d0     kernel32:KERNEL32.dll
 0002:000000d4       __imp__IsValidLocale@8     5002b0d4     kernel32:KERNEL32.dll
 0002:000000d8       __imp__GetStringTypeW@16   5002b0d8     kernel32:KERNEL32.dll
 0002:000000dc       __imp__GetStringTypeA@20   5002b0dc     kernel32:KERNEL32.dll
 0002:000000e0       __imp__GetDateFormatA@24   5002b0e0     kernel32:KERNEL32.dll
 0002:000000e4       __imp__GetTimeFormatA@24   5002b0e4     kernel32:KERNEL32.dll
 0002:000000e8       __imp__SetFilePointer@16   5002b0e8     kernel32:KERNEL32.dll
 0002:000000ec       __imp__GetCPInfo@8         5002b0ec     kernel32:KERNEL32.dll
 0002:000000f0       __imp__GetOEMCP@0          5002b0f0     kernel32:KERNEL32.dll
 0002:000000f4       __imp__GetACP@0            5002b0f4     kernel32:KERNEL32.dll
 0002:000000f8       __imp__IsBadCodePtr@4      5002b0f8     kernel32:KERNEL32.dll
 0002:000000fc       __imp__SetUnhandledExceptionFilter@4 5002b0fc     kernel32:KERNEL32.dll
 0002:00000100       __imp__SetConsoleCtrlHandler@8 5002b100     kernel32:KERNEL32.dll
 0002:00000104       __imp__GetEnvironmentStringsW@0 5002b104     kernel32:KERNEL32.dll
 0002:00000108       __imp__FreeEnvironmentStringsW@4 5002b108     kernel32:KERNEL32.dll
 0002:0000010c       __imp__GetEnvironmentStrings@0 5002b10c     kernel32:KERNEL32.dll
 0002:00000110       __imp__FreeEnvironmentStringsA@4 5002b110     kernel32:KERNEL32.dll
 0002:00000114       __imp__GetStartupInfoA@4   5002b114     kernel32:KERNEL32.dll
 0002:00000118       __imp__RtlUnwind@16        5002b118     kernel32:KERNEL32.dll
 0002:0000011c       __imp__SetEnvironmentVariableA@8 5002b11c     kernel32:KERNEL32.dll
 0002:00000120       __imp__RaiseException@16   5002b120     kernel32:KERNEL32.dll
 0002:00000124       __imp__GetVersionExA@4     5002b124     kernel32:KERNEL32.dll
 0002:00000128       __imp__GetProcAddress@8    5002b128     kernel32:KERNEL32.dll
 0002:0000012c       __imp__LoadLibraryA@4      5002b12c     kernel32:KERNEL32.dll
 0002:00000130       __imp__CreateThread@24     5002b130     kernel32:KERNEL32.dll
 0002:00000134       __imp__ExitThread@4        5002b134     kernel32:KERNEL32.dll
 0002:00000138       __imp__IsBadWritePtr@8     5002b138     kernel32:KERNEL32.dll
 0002:0000013c       __imp__IsBadReadPtr@8      5002b13c     kernel32:KERNEL32.dll
 0002:00000140       __imp__HeapValidate@12     5002b140     kernel32:KERNEL32.dll
 0002:00000144       __imp__GetLocalTime@4      5002b144     kernel32:KERNEL32.dll
 0002:00000148       __imp__GetCommandLineA@0   5002b148     kernel32:KERNEL32.dll
 0002:0000014c       __imp__FatalAppExitA@8     5002b14c     kernel32:KERNEL32.dll
 0002:00000150       __imp__GetStdHandle@4      5002b150     kernel32:KERNEL32.dll
 0002:00000154       __imp__InterlockedDecrement@4 5002b154     kernel32:KERNEL32.dll
 0002:00000158       __imp__OutputDebugStringA@4 5002b158     kernel32:KERNEL32.dll
 0002:0000015c       __imp__InterlockedIncrement@4 5002b15c     kernel32:KERNEL32.dll
 0002:00000160       __imp__TlsAlloc@0          5002b160     kernel32:KERNEL32.dll
 0002:00000164       __imp__TlsFree@4           5002b164     kernel32:KERNEL32.dll
 0002:00000168       __imp__TlsSetValue@8       5002b168     kernel32:KERNEL32.dll
 0002:0000016c       __imp__TlsGetValue@4       5002b16c     kernel32:KERNEL32.dll
 0002:00000170       __imp__GetModuleHandleA@4  5002b170     kernel32:KERNEL32.dll
 0002:00000174       __imp__SetLastError@4      5002b174     kernel32:KERNEL32.dll
 0002:00000178       __imp__VirtualQuery@12     5002b178     kernel32:KERNEL32.dll
 0002:0000017c       __imp__HeapFree@12         5002b17c     kernel32:KERNEL32.dll
 0002:00000180       __imp__HeapAlloc@12        5002b180     kernel32:KERNEL32.dll
 0002:00000184       __imp__GetProcessHeap@0    5002b184     kernel32:KERNEL32.dll
 0002:00000188       __imp__FreeLibrary@4       5002b188     kernel32:KERNEL32.dll
 0002:0000018c       __imp__TerminateProcess@8  5002b18c     kernel32:KERNEL32.dll
 0002:00000190       __imp__ExitProcess@4       5002b190     kernel32:KERNEL32.dll
 0002:00000194       __imp__UnhandledExceptionFilter@4 5002b194     kernel32:KERNEL32.dll
 0002:00000198       __imp__HeapReAlloc@16      5002b198     kernel32:KERNEL32.dll
 0002:0000019c       __imp__HeapDestroy@4       5002b19c     kernel32:KERNEL32.dll
 0002:000001a0       __imp__HeapCreate@12       5002b1a0     kernel32:KERNEL32.dll
 0002:000001a4       __imp__VirtualFree@12      5002b1a4     kernel32:KERNEL32.dll
 0002:000001a8       __imp__VirtualAlloc@16     5002b1a8     kernel32:KERNEL32.dll
 0002:000001ac       __imp__SetHandleCount@4    5002b1ac     kernel32:KERNEL32.dll
 0002:000001b0       __imp__GetFileType@4       5002b1b0     kernel32:KERNEL32.dll
 0002:000001b4       \177KERNEL32_NULL_THUNK_DATA 5002b1b4     kernel32:KERNEL32.dll
 0002:000001b8       __imp__GetErrorInfo@8      5002b1b8     oleaut32:OLEAUT32.dll
 0002:000001bc       __imp__VariantInit@4       5002b1bc     oleaut32:OLEAUT32.dll
 0002:000001c0       __imp__SysAllocString@4    5002b1c0     oleaut32:OLEAUT32.dll
 0002:000001c4       __imp__SysFreeString@4     5002b1c4     oleaut32:OLEAUT32.dll
 0002:000001c8       \177OLEAUT32_NULL_THUNK_DATA 5002b1c8     oleaut32:OLEAUT32.dll
 0002:000001cc       __imp__InitializeStaticMemoryPool@16 5002b1cc     SS3DGFunc:SS3DGFunc.dll
 0002:000001d0       __imp__CreateStaticMemoryPool@0 5002b1d0     SS3DGFunc:SS3DGFunc.dll
 0002:000001d4       __imp__ReleaseStaticMemoryPool@4 5002b1d4     SS3DGFunc:SS3DGFunc.dll
 0002:000001d8       __imp__LALAlloc@4          5002b1d8     SS3DGFunc:SS3DGFunc.dll
 0002:000001dc       __imp__LALFree@8           5002b1dc     SS3DGFunc:SS3DGFunc.dll
 0002:000001e0       \177SS3DGFunc_NULL_THUNK_DATA 5002b1e0     SS3DGFunc:SS3DGFunc.dll
 0002:000001e4       __imp__MessageBoxW@16      5002b1e4     user32:USER32.dll
 0002:000001e8       __imp__GetActiveWindow@0   5002b1e8     user32:USER32.dll
 0002:000001ec       __imp__wsprintfA           5002b1ec     user32:USER32.dll
 0002:000001f0       __imp__PostMessageA@16     5002b1f0     user32:USER32.dll
 0002:000001f4       \177USER32_NULL_THUNK_DATA 5002b1f4     user32:USER32.dll
 0002:000001f8       __imp__timeGetTime@0       5002b1f8     winmm:WINMM.dll
 0002:000001fc       \177WINMM_NULL_THUNK_DATA  5002b1fc     winmm:WINMM.dll
 0002:00000200       __imp__SymCleanup@4        5002b200     imagehlp:imagehlp.dll
 0002:00000204       __imp__SymGetLineFromAddr@16 5002b204     imagehlp:imagehlp.dll
 0002:00000208       __imp__SymGetModuleInfo@12 5002b208     imagehlp:imagehlp.dll
 0002:0000020c       __imp__SymSetOptions@4     5002b20c     imagehlp:imagehlp.dll
 0002:00000210       __imp__SymInitialize@12    5002b210     imagehlp:imagehlp.dll
 0002:00000214       __imp__SymGetModuleBase@8  5002b214     imagehlp:imagehlp.dll
 0002:00000218       __imp__SymFunctionTableAccess@8 5002b218     imagehlp:imagehlp.dll
 0002:0000021c       __imp__StackWalk@36        5002b21c     imagehlp:imagehlp.dll
 0002:00000220       __imp__SymGetSymFromAddr@16 5002b220     imagehlp:imagehlp.dll
 0002:00000224       \177imagehlp_NULL_THUNK_DATA 5002b224     imagehlp:imagehlp.dll
 0002:00000228       __imp__CoUninitialize@0    5002b228     ole32:ole32.dll
 0002:0000022c       __imp__StringFromGUID2@12  5002b22c     ole32:ole32.dll
 0002:00000230       __imp__CoTaskMemFree@4     5002b230     ole32:ole32.dll
 0002:00000234       __imp__CoTaskMemRealloc@8  5002b234     ole32:ole32.dll
 0002:00000238       __imp__CoInitialize@4      5002b238     ole32:ole32.dll
 0002:0000023c       __imp__CoCreateInstance@20 5002b23c     ole32:ole32.dll
 0002:00000240       \177ole32_NULL_THUNK_DATA  5002b240     ole32:ole32.dll
 0002:0000026c       _IID_OLEDBTHREAD           5002b26c     Factory.obj
 0002:0000027c       _CLSID_OLEDBTHREAD         5002b27c     Factory.obj
 0002:0000028c       ??_7CFOleDBThread@@6B@     5002b28c     Factory.obj
 0002:000002a0       _DBGUID_DBSQL              5002b2a0     OleDBThread.obj
 0002:000002b0       _DBPROPSET_ROWSET          5002b2b0     OleDBThread.obj
 0002:000002c0       _DBPROPSET_DBINIT          5002b2c0     OleDBThread.obj
 0002:000002d0       _DBPROPSET_DATASOURCE      5002b2d0     OleDBThread.obj
 0002:000002e0       _DBSCHEMA_TABLES           5002b2e0     OleDBThread.obj
 0002:000002f0       _DBSCHEMA_CATALOGS         5002b2f0     OleDBThread.obj
 0002:00000300       _DB_NULLID                 5002b300     OleDBThread.obj
 0002:00000330       ??_C@_1GA@BACHELGD@?$AAI?$AAn?$AAi?$AAt?$AAi?$AAa?$AAl?$AAi?$AAz?$AAe?$AAS?$AAt?$AAa?$AAt?$AAi?$AAc?$AAM?$AAe?$AAm?$AAo@ 5002b330     OleDBThread.obj
 0002:000003b0       ??_C@_1FA@HDBLAHGF@?$AAF?$AAa?$AAi?$AAl?$AAe?$AA?5?$AAt?$AAo?$AA?5?$AAa?$AAl?$AAl?$AAo?$AAc?$AAa?$AAt?$AAe?$AA?5?$AAD?$AAB@ 5002b3b0     OleDBThread.obj
 0002:00000400       ??_C@_1EC@OFFBMEAK@?$AAF?$AAa?$AAi?$AAl?$AAe?$AAd?$AA?5?$AAt?$AAo?$AA?5?$AAa?$AAl?$AAl?$AAo?$AAc?$AAa?$AAt?$AAe?$AA?5?$AAR@ 5002b400     OleDBThread.obj
 0002:00000444       ??_C@_1DI@CLKGLDKF@?$AAR?$AAe?$AAs?$AAu?$AAl?$AAt?$AA?5?$AAM?$AAe?$AAm?$AAo?$AAr?$AAy?$AA?5?$AAP?$AAo?$AAo?$AAl?$AA?5?$AAi@ 5002b444     OleDBThread.obj
 0002:0000047c       ??_C@_1DK@EBHMHCCN@?$AAB?$AAi?$AAn?$AAd?$AAi?$AAn?$AAg?$AA?5?$AAM?$AAe?$AAm?$AAo?$AAr?$AAy?$AA?5?$AAP?$AAo?$AAo?$AAl?$AA?5@ 5002b47c     OleDBThread.obj
 0002:000004b8       ??_C@_1EK@LOPNBDPN@?$AAF?$AAa?$AAi?$AAl?$AAe?$AAd?$AA?5?$AAt?$AAo?$AA?5?$AAa?$AAl?$AAl?$AAo?$AAc?$AAa?$AAt?$AAe?$AA?5?$AAO@ 5002b4b8     OleDBThread.obj
 0002:00000504       ??_C@_1DE@PCMKDCEN@?$AAf?$AAa?$AAi?$AAl?$AAe?$AAd?$AA?5?$AAt?$AAo?$AA?5?$AAa?$AAc?$AAq?$AAu?$AAi?$AAr?$AAe?$AA?5?$AAr?$AAo@ 5002b504     OleDBThread.obj
 0002:00000538       ??_C@_02KPKOKMHB@?$CFS?$AA@ 5002b538     OleDBThread.obj
 0002:0000053c       ??_C@_1M@HFMHJDPF@?$AAT?$AAA?$AAB?$AAL?$AAE?$AA?$AA@ 5002b53c     OleDBThread.obj
 0002:00000548       ??_C@_1DG@FKAGODNB@?$AAs?$AAe?$AAl?$AAe?$AAc?$AAt?$AA?5?$AA?$CF?$AAs?$AA?5?$AAf?$AAr?$AAo?$AAm?$AA?5?$AA?$CF?$AAs?$AA?5?$AAw?$AAh@ 5002b548     OleDBThread.obj
 0002:00000580       ??_C@_1HG@DOHDIFIJ@?$AAH?$AAR?$AAE?$AAS?$AAU?$AAL?$AAT?$AA?3?$AA?5?$AA?$CF?$AAl?$AAx?$AA?0?$AA?5?$AAM?$AAi?$AAn?$AAo?$AAr?$AA?5@ 5002b580     OleDBThread.obj
 0002:000005f8       ??_C@_1IO@GCEDIIPN@?$AAH?$AAR?$AAE?$AAS?$AAU?$AAL?$AAT?$AA?3?$AA?5?$AA?$CF?$AAl?$AAx?$AA?0?$AA?5?$AAM?$AAi?$AAn?$AAo?$AAr?$AA?5@ 5002b5f8     OleDBThread.obj
 0002:00000688       ??_C@_1CK@IAMOAILL@?$AAU?$AAn?$AAi?$AAn?$AAi?$AAt?$AAi?$AAa?$AAl?$AAi?$AAz?$AAe?$AA?5?$AAf?$AAa?$AAi?$AAl?$AAe?$AAd?$AA?4@ 5002b688     OleDBThread.obj
 0002:000006b4       ??_C@_1BC@FFEDKIMM@?$AAW?$AAa?$AAr?$AAn?$AAi?$AAn?$AAg?$AA?$CB?$AA?$AA@ 5002b6b4     OleDBThread.obj
 0002:000006d8       ??_C@_1EG@DBFLFJPA@?$AA?$CK?$AA?$CK?$AA?$CK?$AA?5?$AAQ?$AAu?$AAe?$AAr?$AAy?$AA?5?$AAc?$AAa?$AAn?$AAc?$AAe?$AAl?$AAe?$AAd?$AA?5?$AAb@ 5002b6d8     OleDBThread.obj
 0002:00000720       ??_7COleDBThreadCls@@6B@   5002b720     OleDBThreadCls.obj
 0002:000007c8       ??_7IOleDBThread@@6B@      5002b7c8     OleDBThreadCls.obj
 0002:0000086c       ??_C@_0DE@HPEEJFKA@OLEDBThread?5Error?$CB?5?9?5Parameter?5M@ 5002b86c     OleDBThreadCls.obj
 0002:000008a0       ??_C@_0EL@IOLOECKP@?$FLOLEDB?5Fatal?5Error?$FN?5pBinding?5is?5@ 5002b8a0     OleDBThreadCls.obj
 0002:000008f0       ??_C@_0FI@DKEEGOP@?$FLOLEDB?5Fatal?5Error?$FN?5InputMessage@ 5002b8f0     OleDBThreadCls.obj
 0002:00000948       ??_C@_0FI@CIEKHEAG@?$FLOLEDB?5Fatal?5Error?$FN?5InputMessage@ 5002b948     OleDBThreadCls.obj
 0002:000009a0       ??_C@_0FJ@KDPFKKCJ@?$FLOLEDB?5Fatal?5Error?$FN?5_CrtCheckMem@ 5002b9a0     OleDBThreadCls.obj
 0002:00000a00       ??_C@_0FP@PPCFPJND@?$FLOLEDB?5Fatal?5Error?$FN?5InputMessage@ 5002ba00     OleDBThreadCls.obj
 0002:00000a60       ??_C@_0FF@OGOKPKBP@?$FLOLEDB?5Fatal?5Error?$FN?5Param?5value?5@ 5002ba60     OleDBThreadCls.obj
 0002:00000ab8       ??_C@_0EM@KPFPJGIJ@?$FLOLEDB?5Fatal?5Error?$FN?5InputMessage@ 5002bab8     OleDBThreadCls.obj
 0002:00000b08       ??_C@_0FE@OIFKCINH@?$FLOLEDB?5Fatal?5Error?$FN?5DBInput?5Mess@ 5002bb08     OleDBThreadCls.obj
 0002:00000b60       ??_C@_0EI@NFDEMIKA@?$FLOLEDB?5Fatal?5Error?$FN?5LPDBCMDMSG?5i@ 5002bb60     OleDBThreadCls.obj
 0002:00000ba8       ??_C@_0EL@CLIJNJGI@?$FLOLEDB?5Fatal?5Error?$FN?5Invalid?5Conn@ 5002bba8     OleDBThreadCls.obj
 0002:00000bf8       ??_C@_1FM@DAPOOIAG@?$AA?$FL?$AAO?$AAL?$AAE?$AAD?$AAB?$AA?5?$AAQ?$AAu?$AAe?$AAr?$AAy?$AA?5?$AAE?$AAr?$AAr?$AAo?$AAr?$AA?$FN?$AA?5@ 5002bbf8     OleDBThreadCls.obj
 0002:00000c58       ??_C@_0FL@IGCIHJFL@OLEDBThread?5Error?$CB?5?9?5?5Output?5Mes@ 5002bc58     OleDBThreadCls.obj
 0002:00000cb8       ??_C@_1GO@CLDOIKBM@?$AA?$FL?$AAO?$AAL?$AAE?$AAD?$AAB?$AA?5?$AAQ?$AAu?$AAe?$AAr?$AAy?$AA?5?$AAE?$AAr?$AAr?$AAo?$AAr?$AA?$FN?$AA?5@ 5002bcb8     OleDBThreadCls.obj
 0002:00000d28       ??_C@_0FM@GOHCJKKB@OLEDBThread?5Error?$CB?5?9?5?5Output?5Mes@ 5002bd28     OleDBThreadCls.obj
 0002:00000d88       ??_C@_1LK@LODDLNEP@?$AA?$FL?$AAO?$AAL?$AAE?$AAD?$AAB?$AA?5?$AAQ?$AAu?$AAe?$AAr?$AAy?$AA?5?$AAE?$AAr?$AAr?$AAo?$AAr?$AA?$FN?$AA?5@ 5002bd88     OleDBThreadCls.obj
 0002:00000e48       ??_C@_0GD@FDLPPNBD@OLEDB?5Fatal?5Error?$CB?5?9?5Output?5Mess@ 5002be48     OleDBThreadCls.obj
 0002:00000eb0       ??_C@_0FM@MBBMNJGK@OLEDB?5Fatal?5Error?$CB?5?9?5Output?5Mess@ 5002beb0     OleDBThreadCls.obj
 0002:00000f10       ??_C@_0GL@BIGBLGOM@?$FLDB?5Report?5?9?5Connection?3?$CFu?0?5Quer@ 5002bf10     OleDBThreadCls.obj
 0002:00000f7c       ??_C@_0DG@IACKHLEH@?$CD?$CD?$CD?5OLEDB?5Warning?$CB?5?3?5InputMsg?5Po@ 5002bf7c     OleDBThreadCls.obj
 0002:00000fb4       ??_C@_0P@HGHLJHOB@InprocServer32?$AA@ 5002bfb4     OleDBThreadNew.obj
 0002:00000fc4       ??_C@_06FBGBHGJE@ProgID?$AA@ 5002bfc4     OleDBThreadNew.obj
 0002:00000fcc       ??_C@_0BG@CKEAOMAG@OleDBThread?5Component?$AA@ 5002bfcc     OleDBThreadNew.obj
 0002:00000fe4       ??_C@_05GIBEAPNE@CLSID?$AA@ 5002bfe4     OleDBThreadNew.obj
 0002:00000fec       ??_C@_0BK@FMHHPJLF@OleDBThread?4OleDBThread?41?$AA@ 5002bfec     OleDBThreadNew.obj
 0002:00001008       ??_C@_0CB@PLJABEMP@OLEDB?5COM?5Model?5by?5Byung?9Soo?5Koo@ 5002c008     OleDBThreadNew.obj
 0002:0000102c       ??_C@_06JHNIBAJK@CLSID?2?$AA@ 5002c02c     OleDBThreadNew.obj
 0002:00001034       ??_C@_05BMGBEOOC@?$CFs?2?$CFs?$AA@ 5002c034     OleDBThreadNew.obj
 0002:0000103c       ??_C@_0BM@INPACNBG@COleDBThread?4COleDBThread?41?$AA@ 5002c03c     OleDBThreadNew.obj
 0002:00001058       ??_C@_0CC@EBAJEGAM@COleDBThread?4COleDBThread?41?2CLSI@ 5002c058     OleDBThreadNew.obj
[...]
   814 0001:00018c41   815 0001:00018c6c   818 0001:00018c73   819 0001:00018c7c
   823 0001:00018c8b   827 0001:00018c9c   828 0001:00018cbf   832 0001:00018cc3
   834 0001:00018ce6   835 0001:00018cfc   839 0001:00018d00   840 0001:00018d09
   841 0001:00018d13   844 0001:00018d1d   847 0001:00018d2a   849 0001:00018d36
   850 0001:00018d39   872 0001:00018d40   873 0001:00018d46   886 0001:00018d4f
   887 0001:00018d58   888 0001:00018d5f   890 0001:00018d65   891 0001:00018d6d
   892 0001:00018d76   895 0001:00018d78   897 0001:00018d8e   899 0001:00018da6
   900 0001:00018db2   901 0001:00018dc4   905 0001:00018dc6   907 0001:00018dd5
   908 0001:00018def   912 0001:00018df7   915 0001:00018e03   918 0001:00018e1f
   919 0001:00018e29   922 0001:00018e36   923 0001:00018e3f   925 0001:00018e48
   927 0001:00018e57   929 0001:00018e65   930 0001:00018e71   931 0001:00018e7a
   935 0001:00018e7c   937 0001:00018e88   938 0001:00018e9d   941 0001:00018ea6
   942 0001:00018ebb   944 0001:00018ec4   945 0001:00018ed2   946 0001:00018ee3
   947 0001:00018efc   950 0001:00018f0b   952 0001:00018f23   953 0001:00018f26
   975 0001:00018f30   991 0001:00018f36   994 0001:00018f42   997 0001:00018f4b
   998 0001:00018f57   999 0001:00018f60  1002 0001:00018f76  1003 0001:00018f7f
  1006 0001:00018f8a  1007 0001:00018f93  1010 0001:00018f9b  1013 0001:00018fa7
  1014 0001:00018fba  1019 0001:00018fc1  1020 0001:00018fcd  1021 0001:00018fd3
  1024 0001:00018fda  1029 0001:00018fec  1031 0001:00018ff2  1032 0001:00019012
  1033 0001:00019034  1035 0001:0001904a  1038 0001:0001904c  1039 0001:00019075
  1040 0001:00019097  1045 0001:000190b2  1046 0001:000190c1  1049 0001:000190d0
  1052 0001:000190e6  1055 0001:000190ef  1056 0001:000190fb  1057 0001:00019101
  1061 0001:00019108  1062 0001:00019114  1063 0001:00019120  1064 0001:00019129
  1065 0001:00019132  1068 0001:0001913e  1072 0001:00019150  1074 0001:00019156
  1075 0001:00019179  1076 0001:0001918d  1078 0001:000191ab  1080 0001:000191ad
  1081 0001:000191d0  1083 0001:000191e9  1088 0001:00019210  1090 0001:00019218
  1094 0001:00019224  1096 0001:0001922f  1100 0001:0001923e  1103 0001:0001924f
  1105 0001:0001925a  1108 0001:00019269  1109 0001:00019272  1112 0001:0001927b
  1113 0001:00019287  1114 0001:0001928d  1117 0001:00019294  1122 0001:000192a0
  1123 0001:000192ac  1124 0001:000192b2  1127 0001:000192b9  1132 0001:000192cb
  1135 0001:000192d1  1136 0001:000192f1  1137 0001:00019313  1139 0001:00019329
  1142 0001:0001932b  1143 0001:00019354  1145 0001:00019376  1150 0001:00019391
  1151 0001:000193a0  1154 0001:000193af  1155 0001:000193b8  1156 0001:000193c4
  1157 0001:000193ca  1163 0001:000193d1  1164 0001:000193dd  1165 0001:000193e9
  1166 0001:000193f2  1167 0001:000193fb  1170 0001:00019407  1174 0001:00019419
  1176 0001:0001941f  1177 0001:00019442  1178 0001:00019456  1180 0001:00019474
  1182 0001:00019476  1183 0001:00019499  1185 0001:000194b2  1190 0001:000194d9
  1192 0001:000194e1  1195 0001:000194ed  1196 0001:000194f2  1216 0001:00019500
  1220 0001:00019504  1224 0001:00019511  1225 0001:00019525  1228 0001:00019539
  1232 0001:00019558  1233 0001:00019571  1234 0001:0001959b  1239 0001:000195b0
  1242 0001:000195c5  1247 0001:000195dd  1248 0001:0001960f  1252 0001:0001961e
  1254 0001:00019628  1275 0001:00019630  1306 0001:00019639  1307 0001:00019653
  1310 0001:0001965b  1311 0001:00019664  1314 0001:00019691  1315 0001:0001969a
  1316 0001:000196ad  1319 0001:000196b7  1320 0001:000196c0  1321 0001:000196cc
  1322 0001:000196d8  1323 0001:000196df  1324 0001:000196e6  1327 0001:00019702
  1328 0001:00019709  1329 0001:00019710  1330 0001:00019717  1331 0001:0001973b
  1334 0001:0001974e  1337 0001:0001975b  1338 0001:0001976e  1341 0001:00019778
  1342 0001:0001977e  1345 0001:0001979a  1347 0001:000197a3  1351 0001:000197af
  1352 0001:000197c0  1358 0001:000197ca  1359 0001:000197db  1362 0001:000197e6
  1365 0001:000197ef  1366 0001:000197f8  1369 0001:00019802  1371 0001:0001980b
  1375 0001:0001980d  1376 0001:0001981c  1377 0001:00019825  1378 0001:0001982f
  1383 0001:0001984c  1384 0001:00019863  1388 0001:0001986d  1389 0001:0001987e
  1392 0001:00019888  1394 0001:00019891  1397 0001:0001989d  1398 0001:000198a5
  1401 0001:000198af  1402 0001:000198ba  1405 0001:000198bf  1406 0001:000198c9
  1410 0001:000198d3  1411 0001:000198d9  1415 0001:00019901  1416 0001:00019908
  1418 0001:0001990e  1422 0001:00019939  1423 0001:0001994e  1427 0001:00019958
  1431 0001:00019964  1433 0001:0001996d  1437 0001:00019978  1440 0001:00019980
  1441 0001:00019988  1445 0001:0001998a  1446 0001:00019998  1449 0001:0001999a
  1450 0001:000199a2  1454 0001:000199ac  1455 0001:000199bd  1456 0001:000199c6
  1457 0001:000199d0  1458 0001:000199de  1462 0001:000199e8  1463 0001:000199f3
  1466 0001:000199fd  1467 0001:00019a03  1468 0001:00019a0c  1472 0001:00019a11
  1474 0001:00019a17  1476 0001:00019a20  1477 0001:00019a33  1479 0001:00019a46
  1481 0001:00019a48  1482 0001:00019a5e  1488 0001:00019a74  1489 0001:00019a91
  1493 0001:00019a9b  1494 0001:00019aa6  1498 0001:00019ab0  1499 0001:00019ab9
  1504 0001:00019abe  1505 0001:00019adf  1508 0001:00019ae6  1509 0001:00019af2
  1510 0001:00019afd  1511 0001:00019b0b  1515 0001:00019b10  1516 0001:00019b25
  1519 0001:00019b2c  1520 0001:00019b35  1521 0001:00019b3a  1522 0001:00019b3c

Line numbers for C:\Program Files\Microsoft Visual Studio .NET 2003\Vc7\lib\LIBCMTD.lib(f:\vs70builds\3077\vc\crtbld\crt\src\realloc.c) segment .text

    64 0001:000179e0    66 0001:00017a03    69 0001:00017a09    70 0001:00017a0f
    73 0001:00017a20    75 0001:00017a26    76 0001:00017a32    81 0001:00017a39
    88 0001:00017a46    89 0001:00017a4d    92 0001:00017a57    93 0001:00017a61
    98 0001:00017a68   102 0001:00017a81   104 0001:00017a90   105 0001:00017aa8
   106 0001:00017aae   109 0001:00017ac5   110 0001:00017ad1   112 0001:00017afb
   113 0001:00017b0a   120 0001:00017b1a   122 0001:00017b20   123 0001:00017b26
   125 0001:00017b2d   126 0001:00017b39   129 0001:00017b55   130 0001:00017b61
   131 0001:00017b8b   140 0001:00017ba9   146 0001:00017bb4   148 0001:00017bba
   149 0001:00017bc0   151 0001:00017bc7   152 0001:00017bd3   156 0001:00017bed
   163 0001:00017bfc   167 0001:00017c01   168 0001:00017c11   171 0001:00017c15
   267 0001:00017c1a   268 0001:00017c21   270 0001:00017c27   271 0001:00017c2d
   272 0001:00017c34   275 0001:00017c4e   282 0001:00017c5d   286 0001:00017c62
   287 0001:00017c72   290 0001:00017c76   292 0001:00017c78

Line numbers for C:\Program Files\Microsoft Visual Studio .NET 2003\Vc7\lib\LIBCMTD.lib(f:\vs70builds\3077\vc\crtbld\crt\src\malloc.c) segment .text

    53 0001:00017760    54 0001:00017764    58 0001:00017779    59 0001:0001777c
    90 0001:00017780    94 0001:00017784    95 0001:0001778a   105 0001:0001778e
   106 0001:00017794   107 0001:000177a3   108 0001:000177a5   113 0001:000177ac
   114 0001:000177b8   117 0001:000177bd   118 0001:000177cd   121 0001:000177d1
   122 0001:000177d3   142 0001:000177e0   152 0001:00017803   156 0001:0001780c
   159 0001:00017817   160 0001:00017821   162 0001:00017828   166 0001:00017845
   169 0001:00017850   170 0001:00017856   205 0001:0001785b   206 0001:00017861
   208 0001:00017868   209 0001:00017871   211 0001:0001787d   212 0001:00017890

Line numbers for C:\Program Files\Microsoft Visual Studio .NET 2003\Vc7\lib\LIBCMTD.lib(f:\vs70builds\3077\vc\crtbld\crt\src\heapinit.c) segment .text

    69 0001:00017e30    70 0001:00017e34   123 0001:00017e3b   124 0001:00017e4d
   139 0001:00017e54   142 0001:00017e59   170 0001:00017e60   173 0001:00017e63
   174 0001:00017e88   178 0001:00017e8c   180 0001:00017e96   183 0001:00017e9f
   185 0001:00017eb0   186 0001:00017ebd   201 0001:00017ec1   202 0001:00017ec6
   223 0001:00017ed0   226 0001:00017ed6   228 0001:00017ee3   232 0001:00017eeb
   235 0001:00017f08   236 0001:00017f1f   239 0001:00017f33   241 0001:00017f48
   242 0001:00017f51   244 0001:00017f53   263 0001:00017f68   264 0001:00017f75
   282 0001:00017f80   283 0001:00017f83   284 0001:00017f88

Line numbers for C:\Program Files\Microsoft Visual Studio .NET 2003\Vc7\lib\LIBCMTD.lib(f:\vs70builds\3077\vc\crtbld\crt\src\heapchk.c) segment .text

    62 0001:00017d60    63 0001:00017d83    66 0001:00017d8a    69 0001:00017d93
    70 0001:00017d9d    73 0001:00017da4    74 0001:00017dad    79 0001:00017dc2
   104 0001:00017dcd   106 0001:00017de1   108 0001:00017dec   109 0001:00017df7
   111 0001:00017e02   112 0001:00017e04   114 0001:00017e0b   115 0001:00017e0e
   122 0001:00017e20   123 0001:00017e23   124 0001:00017e28

Line numbers for C:\Program Files\Microsoft Visual Studio .NET 2003\Vc7\lib\LIBCMTD.lib(f:\vs70builds\3077\vc\crtbld\crt\src\free.c) segment .text

    42 0001:00017c90    45 0001:00017cb3    46 0001:00017cb9    51 0001:00017cbe
    56 0001:00017cc7    57 0001:00017cd1    60 0001:00017cd8    61 0001:00017ced
    66 0001:00017d0b    70 0001:00017d16    71 0001:00017d1c    98 0001:00017d2f
   101 0001:00017d31   103 0001:00017d43

Line numbers for C:\Program Files\Microsoft Visual Studio .NET 2003\Vc7\lib\LIBCMTD.lib(f:\vs70builds\3077\vc\crtbld\crt\src\expand.c) segment .text

    57 0001:000178c0    62 0001:000178e3    63 0001:000178e9    66 0001:000178f0
    71 0001:000178fd    72 0001:00017907    77 0001:0001790e    79 0001:00017923
    81 0001:0001792a    82 0001:0001794d    88 0001:00017961    92 0001:0001796c
    95 0001:00017972    96 0001:00017978    97 0001:0001797f   100 0001:0001798b
   149 0001:000179a4   153 0001:000179a6   154 0001:000179ac   157 0001:000179b3
   167 0001:000179cc   168 0001:000179cf

Line numbers for C:\Program Files\Microsoft Visual Studio .NET 2003\Vc7\lib\LIBCMTD.lib(f:\vs70builds\3077\vc\crtbld\crt\src\resetstk.c) segment .text

    30 0001:000264f0    40 0001:000264f6    44 0001:00026509    45 0001:0002651d
    46 0001:00026524    51 0001:0002652a    52 0001:00026534    55 0001:0002653a
    63 0001:0002654b    65 0001:00026568    66 0001:00026570    73 0001:00026577
    77 0001:00026580    79 0001:00026586    80 0001:0002659a    81 0001:000265a1
    82 0001:000265aa    83 0001:000265b5    88 0001:000265bb    89 0001:000265c5
    94 0001:000265cc    95 0001:000265d4   100 0001:000265d8   101 0001:000265e0
   103 0001:000265e6   105 0001:000265fb   106 0001:000265fd   113 0001:00026603
   115 0001:0002661c   116 0001:00026632

Line numbers for C:\Program Files\Microsoft Visual Studio .NET 2003\Vc7\lib\LIBCMTD.lib(f:\vs70builds\3077\vc\crtbld\crt\src\dosmap.c) segment .text

   110 0001:00015040   113 0001:00015044   116 0001:0001504e   117 0001:00015066
   118 0001:00015075   119 0001:00015086   121 0001:00015088   127 0001:0001508a
   128 0001:00015096   129 0001:000150a1   130 0001:000150b5   131 0001:000150c0
   132 0001:000150c2   133 0001:000150cd   160 0001:000150e0   161 0001:000150e3
   162 0001:000150eb   167 0001:000150f0   168 0001:000150f3   169 0001:000150fb

Line numbers for C:\Program Files\Microsoft Visual Studio .NET 2003\Vc7\lib\LIBCMTD.lib(f:\vs70builds\3077\vc\crtbld\crt\src\xtoa.c) segment .text

    92 0001:0001d030    93 0001:0001d033    94 0001:0001d03f    95 0001:0001d055
    96 0001:0001d057    97 0001:0001d06d    98 0001:0001d070    43 0001:0001d080
    49 0001:0001d086    51 0001:0001d08c    53 0001:0001d092    54 0001:0001d0a1
    57 0001:0001d0a9    60 0001:0001d0af    61 0001:0001d0ba    64 0001:0001d0c5
    65 0001:0001d0cb    66 0001:0001d0df    67 0001:0001d0e1    68 0001:0001d0f5
    73 0001:0001d0fb    76 0001:0001d10a    77 0001:0001d112    78 0001:0001d11c
    79 0001:0001d124    80 0001:0001d12d    81 0001:0001d136    82 0001:0001d13e
   105 0001:0001d150   106 0001:0001d154   107 0001:0001d188   108 0001:0001d18b
   115 0001:0001d190   116 0001:0001d193   117 0001:0001d1a9   118 0001:0001d1ac
   177 0001:0001d1b0   178 0001:0001d1b4   179 0001:0001d1f1   180 0001:0001d1f4
   128 0001:0001d200   134 0001:0001d206   136 0001:0001d20c   138 0001:0001d212
   139 0001:0001d221   142 0001:0001d234   145 0001:0001d23a   146 0001:0001d251
   149 0001:0001d26b   150 0001:0001d271   151 0001:0001d285   152 0001:0001d287
   153 0001:0001d29b   158 0001:0001d2a9   161 0001:0001d2b8   162 0001:0001d2c0
   163 0001:0001d2ca   164 0001:0001d2d2   165 0001:0001d2db   166 0001:0001d2e4
   167 0001:0001d2ec   187 0001:0001d300   188 0001:0001d303   189 0001:0001d31a
   190 0001:0001d31d

Line numbers for C:\Program Files\Microsoft Visual Studio .NET 2003\Vc7\lib\LIBCMTD.lib(f:\vs70builds\3077\vc\crtbld\crt\src\wctomb.c) segment .text

    48 0001:0001f6d0    50 0001:0001f6d4    52 0001:0001f6df    53 0001:0001f6ea
    55 0001:0001f6f2    56 0001:0001f707    63 0001:0001f710    65 0001:0001f716
    67 0001:0001f71c    71 0001:0001f723    76 0001:0001f72c    78 0001:0001f738
    79 0001:0001f743    82 0001:0001f748    83 0001:0001f750    88 0001:0001f757
   106 0001:0001f75e   108 0001:0001f793   109 0001:0001f79e   112 0001:0001f7a3
   115 0001:0001f7a6

Line numbers for C:\Program Files\Microsoft Visual Studio .NET 2003\Vc7\lib\LIBCMTD.lib(f:\vs70builds\3077\vc\crtbld\crt\src\wcstombs.c) segment .text

    87 0001:00010ef0    89 0001:00010ef4    91 0001:00010eff    92 0001:00010f0a
    94 0001:00010f12    95 0001:00010f2a   103 0001:00010f30   105 0001:00010f3e
   108 0001:00010f45   110 0001:00010f4c   112 0001:00010f58   114 0001:00010f5f
   124 0001:00010f83   127 0001:00010f8d   133 0001:00010f96   135 0001:00010f9e
   137 0001:00010fac   138 0001:00010fb7   140 0001:00010fbf   141 0001:00010fcc
   142 0001:00010fdf   143 0001:00010fe7   144 0001:00010ff0   145 0001:00010ff2
   148 0001:00010ffa   153 0001:00011003   154 0001:00011009   168 0001:0001101c
   170 0001:00011050   171 0001:0001105e   173 0001:00011067   176 0001:0001106f
   177 0001:0001107a   196 0001:00011082   198 0001:000110b4   201 0001:000110bf
   203 0001:000110d0   204 0001:000110db   208 0001:000110e3   222 0001:000110ef
   224 0001:00011124   225 0001:0001112f   228 0001:00011137   229 0001:00011142
   231 0001:0001114a   232 0001:0001116d   233 0001:00011189   235 0001:0001118e
   236 0001:00011199   238 0001:0001119e   244 0001:000111a3   248 0001:000111ac
   262 0001:000111ba   264 0001:000111e8   265 0001:000111f3   268 0001:000111f8
   272 0001:000111fe    45 0001:00011210    46 0001:00011216    47 0001:0001121f
    49 0001:00011225    50 0001:0001123a    52 0001:00011245    53 0001:00011255
    54 0001:00011262    55 0001:00011265

Line numbers for C:\Program Files\Microsoft Visual Studio .NET 2003\Vc7\lib\LIBCMTD.lib(f:\vs70builds\3077\vc\crtbld\crt\src\tolower.c) segment .text

    47 0001:000281c0    48 0001:000281c3    49 0001:000281c9    72 0001:000281d0
    75 0001:000281d4    77 0001:000281df    78 0001:000281ea    80 0001:000281f2
    81 0001:00028202   101 0001:00028210   115 0001:00028216   116 0001:0002822e
   120 0001:00028253   123 0001:0002825c   128 0001:00028297   134 0001:0002829f
   139 0001:000282bf   140 0001:000282ce   141 0001:000282d4   142 0001:000282d8
   143 0001:000282df   144 0001:000282e1   145 0001:000282e7   146 0001:000282eb
   165 0001:000282f2   167 0001:00028326   171 0001:0002832b   172 0001:00028331
   174 0001:00028337   176 0001:00028344

Line numbers for C:\Program Files\Microsoft Visual Studio .NET 2003\Vc7\lib\LIBCMTD.lib(f:\vs70builds\3077\vc\crtbld\crt\src\mbtowc.c) segment .text

    53 0001:0001f8c0    55 0001:0001f8c4    57 0001:0001f8cf    58 0001:0001f8da
    60 0001:0001f8e2    61 0001:0001f8fa    69 0001:0001f900    70 0001:0001f903
    74 0001:0001f933    77 0001:0001f93f    79 0001:0001f946    82 0001:0001f950
    83 0001:0001f956    84 0001:0001f95e    89 0001:0001f965    94 0001:0001f96e
    95 0001:0001f974    96 0001:0001f981   100 0001:0001f98b   110 0001:0001f9a3
   113 0001:0001f9e3   115 0001:0001f9f9   116 0001:0001fa04   119 0001:0001fa09
   156 0001:0001fa11   158 0001:0001fa38   159 0001:0001fa43   161 0001:0001fa48
   164 0001:0001fa4d

Line numbers for C:\Program Files\Microsoft Visual Studio .NET 2003\Vc7\lib\LIBCMTD.lib(f:\vs70builds\3077\vc\crtbld\crt\src\isctype.c) segment .text

    55 0001:0001adf0    56 0001:0001adf3    57 0001:0001ae1e    58 0001:0001ae2d
    67 0001:0001ae30    68 0001:0001ae33    69 0001:0001ae5e    70 0001:0001ae6e
   106 0001:0001ae70   108 0001:0001ae74   110 0001:0001ae7f   111 0001:0001ae8a
   113 0001:0001ae92   114 0001:0001aea6   121 0001:0001aeb0   128 0001:0001aeb6
   130 0001:0001aec3   136 0001:0001aed8   141 0001:0001aef9   142 0001:0001af07
   143 0001:0001af0d   144 0001:0001af11   145 0001:0001af18   146 0001:0001af1a
   147 0001:0001af20   148 0001:0001af24   162 0001:0001af2b   164 0001:0001af55
   167 0001:0001af59   168 0001:0001af60

Line numbers for C:\Program Files\Microsoft Visual Studio .NET 2003\Vc7\lib\LIBCMTD.lib(f:\vs70builds\3077\vc\crtbld\crt\src\atox.c) segment .text

    48 0001:00026d10    53 0001:00026d16    55 0001:00026d21    56 0001:00026d2c
    59 0001:00026d34    63 0001:00026d75    65 0001:00026d80    66 0001:00026d92
    67 0001:00026d98    68 0001:00026da4    70 0001:00026db6    72 0001:00026dbd
    73 0001:00026de7    74 0001:00026df3    75 0001:00026e05    77 0001:00026e07
    78 0001:00026e0d    80 0001:00026e14    81 0001:00026e17   106 0001:00026e20
   107 0001:00026e23   108 0001:00026e2f   115 0001:00026e40   120 0001:00026e47
   122 0001:00026e52   123 0001:00026e5d   126 0001:00026e65   130 0001:00026ea6
   132 0001:00026eb1   133 0001:00026ec3   134 0001:00026ec9   135 0001:00026ed5
   137 0001:00026ee7   139 0001:00026ef5   140 0001:00026f1f   141 0001:00026f42
   142 0001:00026f54   144 0001:00026f56   145 0001:00026f5c   147 0001:00026f6b
   148 0001:00026f71

Line numbers for C:\Program Files\Microsoft Visual Studio .NET 2003\Vc7\lib\LIBCMTD.lib(f:\vs70builds\3077\vc\crtbld\crt\src\_ctype.c) segment .text

    46 0001:000278e0    48 0001:000278e6    50 0001:000278f1    51 0001:000278fc
    53 0001:00027904    57 0001:00027942    62 0001:00027950    64 0001:00027956
    66 0001:00027961    67 0001:0002796c    69 0001:00027974    73 0001:000279ac
    78 0001:000279b0    80 0001:000279b6    82 0001:000279c1    83 0001:000279cc
    85 0001:000279d4    89 0001:00027a0c    94 0001:00027a10    96 0001:00027a16
    98 0001:00027a21    99 0001:00027a2c   101 0001:00027a34   105 0001:00027a6c
   110 0001:00027a70   112 0001:00027a76   114 0001:00027a81   115 0001:00027a8c
   117 0001:00027a94   121 0001:00027ad2   126 0001:00027ae0   128 0001:00027ae6
   130 0001:00027af1   131 0001:00027afc   133 0001:00027b04   137 0001:00027b3c
   142 0001:00027b40   144 0001:00027b46   146 0001:00027b51   147 0001:00027b5c
   149 0001:00027b64   153 0001:00027b9c   158 0001:00027ba0   160 0001:00027ba6
   162 0001:00027bb1   163 0001:00027bbc   165 0001:00027bc4   169 0001:00027c02
   174 0001:00027c10   176 0001:00027c16   178 0001:00027c21   179 0001:00027c2c
   181 0001:00027c34   185 0001:00027c72   190 0001:00027c80   192 0001:00027c86
   194 0001:00027c91   195 0001:00027c9c   197 0001:00027ca4   201 0001:00027ce2
   206 0001:00027cf0   208 0001:00027cf6   210 0001:00027d01   211 0001:00027d0c
   213 0001:00027d14   217 0001:00027d4c   222 0001:00027d50   223 0001:00027d53
   224 0001:00027d5e   229 0001:00027d60   230 0001:00027d63   231 0001:00027d69
   236 0001:00027d70   237 0001:00027d74   238 0001:00027d9d   243 0001:00027db0
   244 0001:00027db4   245 0001:00027ddd

 Exports

  ordinal    name

        1    _DllCanUnloadNow@0
               exported name: DllCanUnloadNow
        2    _DllGetClassObject@12
               exported name: DllGetClassObject
        3    _DllRegisterServer@0
               exported name: DllRegisterServer
        4    _DllUnregisterServer@0
               exported name: DllUnregisterServer
